../Core/Src/freertos.c:105:7:map	32	static
../Core/Src/freertos.c:131:6:vApplicationGetIdleTaskMemory	24	static
../Core/Src/freertos.c:145:6:MX_FREERTOS_Init	96	static
../Core/Src/freertos.c:198:6:mainTask	16	static
../Core/Src/freertos.c:241:6:settingsTask	64	static
../Core/Src/freertos.c:308:6:HAL_GPIO_EXTI_Callback	16	static,ignoring_inline_asm
../Core/Src/freertos.c:323:6:actoin_motor_set	16	static
../Core/Src/freertos.c:328:6:actoin_set	32	static
../Core/Src/freertos.c:356:6:actoin_resp_all_set	4	static
../Core/Src/freertos.c:360:6:actoin_resp_status	24	static
../Core/Src/freertos.c:389:6:HAL_UARTEx_RxEventCallback	24	static
../Core/Src/freertos.c:450:16:DS18B20_Init	16	static
../Core/Src/freertos.c:470:16:DS18B20_ReadBit	16	static
../Core/Src/freertos.c:484:16:DS18B20_ReadByte	16	static
../Core/Src/freertos.c:498:13:DS18B20_WriteByte	32	static
../Core/Src/freertos.c:513:6:DS18B20_SampleTemp	8	static
../Core/Src/freertos.c:520:7:DS18B20_ReadTemp	16	static
../Core/Src/freertos.c:537:6:DS18B20_usart_setup	16	static,ignoring_inline_asm
