../Core/Src/freertos.c:110:7:map	32	static
../Core/Src/freertos.c:136:6:vApplicationGetIdleTaskMemory	24	static
../Core/Src/freertos.c:150:6:MX_FREERTOS_Init	104	static
../Core/Src/freertos.c:207:6:mainTask	16	static
../Core/Src/freertos.c:250:6:settingsTask	56	static
../Core/Src/freertos.c:317:6:HAL_GPIO_EXTI_Callback	16	static,ignoring_inline_asm
../Core/Src/freertos.c:333:6:actoin_motor_set	16	static
../Core/Src/freertos.c:338:6:actoin_set	32	static
../Core/Src/freertos.c:366:6:actoin_resp_all_set	4	static
../Core/Src/freertos.c:370:6:actoin_resp_status	24	static
../Core/Src/freertos.c:400:6:HAL_UARTEx_RxEventCallback	24	static
../Core/Src/freertos.c:465:9:OW_toByte	24	static
../Core/Src/freertos.c:479:16:DS18B20_Init	16	static
../Core/Src/freertos.c:513:16:DS18B20_ReadByte	32	static
../Core/Src/freertos.c:548:13:DS18B20_WriteByte	40	static
../Core/Src/freertos.c:572:6:DS18B20_SampleTemp	8	static
../Core/Src/freertos.c:579:7:DS18B20_ReadTemp	16	static
../Core/Src/freertos.c:596:6:DS18B20_usart_setup	16	static,ignoring_inline_asm
