../Core/Src/OneWire.c:42:10:USART_ReceiveData	16	static
../Core/Src/OneWire.c:51:6:USART_SendData	16	static
../Core/Src/OneWire.c:64:6:usart_setup	16	static,ignoring_inline_asm
../Core/Src/OneWire.c:83:6:owInit	32	static
../Core/Src/OneWire.c:98:6:owReadHandler	24	static
../Core/Src/OneWire.c:117:12:owResetCmd	16	static
../Core/Src/OneWire.c:129:9:getUsartIndex	4	static
../Core/Src/OneWire.c:137:6:owSend	16	static
../Core/Src/OneWire.c:143:9:owReadSlot	16	static
../Core/Src/OneWire.c:147:10:owEchoRead	16	static
../Core/Src/OneWire.c:154:10:byteToBits	24	static
../Core/Src/OneWire.c:173:6:owSendByte	32	static
../Core/Src/OneWire.c:183:9:bitsToByte	24	static
../Core/Src/OneWire.c:197:9:owCRC	24	static
../Core/Src/OneWire.c:215:9:owCRC8	16	static
../Core/Src/OneWire.c:226:5:hasNextRom	40	static
../Core/Src/OneWire.c:274:5:owSearchCmd	24	static
../Core/Src/OneWire.c:286:6:owSkipRomCmd	16	static
../Core/Src/OneWire.c:291:6:owMatchRomCmd	24	static
../Core/Src/OneWire.c:299:6:owConvertTemperatureCmd	16	static
../Core/Src/OneWire.c:313:10:owReadScratchpadCmd	32	static
../Core/Src/OneWire.c:340:6:owWriteDS18B20Scratchpad	24	static
../Core/Src/OneWire.c:359:13:readTemperature	56	static
../Core/Src/OneWire.c:388:6:owCopyScratchpadCmd	16	static
../Core/Src/OneWire.c:393:6:owRecallE2Cmd	16	static
../Core/Src/OneWire.c:399:5:get_ROMid	56	static,ignoring_inline_asm
../Core/Src/OneWire.c:435:6:get_Temperature	8	static
