Archive member included to satisfy reference by file (symbol)

C:/ST/STM32CubeIDE_1.5.1/STM32CubeIDE/plugins/com.st.stm32cube.ide.mcu.externaltools.gnu-tools-for-stm32.12.3.rel1.win32_1.0.100.202403111256/tools/bin/../lib/gcc/arm-none-eabi/12.3.1/../../../../arm-none-eabi/lib/thumb/v7e-m+fp/hard\libc_nano.a(libc_a-exit.o)
                              C:/ST/STM32CubeIDE_1.5.1/STM32CubeIDE/plugins/com.st.stm32cube.ide.mcu.externaltools.gnu-tools-for-stm32.12.3.rel1.win32_1.0.100.202403111256/tools/bin/../lib/gcc/arm-none-eabi/12.3.1/../../../../arm-none-eabi/lib/thumb/v7e-m+fp/hard/crt0.o (exit)
C:/ST/STM32CubeIDE_1.5.1/STM32CubeIDE/plugins/com.st.stm32cube.ide.mcu.externaltools.gnu-tools-for-stm32.12.3.rel1.win32_1.0.100.202403111256/tools/bin/../lib/gcc/arm-none-eabi/12.3.1/../../../../arm-none-eabi/lib/thumb/v7e-m+fp/hard\libc_nano.a(libc_a-malloc.o)
                              ./Core/Src/cJSON.o (malloc)
C:/ST/STM32CubeIDE_1.5.1/STM32CubeIDE/plugins/com.st.stm32cube.ide.mcu.externaltools.gnu-tools-for-stm32.12.3.rel1.win32_1.0.100.202403111256/tools/bin/../lib/gcc/arm-none-eabi/12.3.1/../../../../arm-none-eabi/lib/thumb/v7e-m+fp/hard\libc_nano.a(libc_a-mallocr.o)
                              C:/ST/STM32CubeIDE_1.5.1/STM32CubeIDE/plugins/com.st.stm32cube.ide.mcu.externaltools.gnu-tools-for-stm32.12.3.rel1.win32_1.0.100.202403111256/tools/bin/../lib/gcc/arm-none-eabi/12.3.1/../../../../arm-none-eabi/lib/thumb/v7e-m+fp/hard\libc_nano.a(libc_a-malloc.o) (_malloc_r)
C:/ST/STM32CubeIDE_1.5.1/STM32CubeIDE/plugins/com.st.stm32cube.ide.mcu.externaltools.gnu-tools-for-stm32.12.3.rel1.win32_1.0.100.202403111256/tools/bin/../lib/gcc/arm-none-eabi/12.3.1/../../../../arm-none-eabi/lib/thumb/v7e-m+fp/hard\libc_nano.a(libc_a-mlock.o)
                              C:/ST/STM32CubeIDE_1.5.1/STM32CubeIDE/plugins/com.st.stm32cube.ide.mcu.externaltools.gnu-tools-for-stm32.12.3.rel1.win32_1.0.100.202403111256/tools/bin/../lib/gcc/arm-none-eabi/12.3.1/../../../../arm-none-eabi/lib/thumb/v7e-m+fp/hard\libc_nano.a(libc_a-mallocr.o) (__malloc_lock)
C:/ST/STM32CubeIDE_1.5.1/STM32CubeIDE/plugins/com.st.stm32cube.ide.mcu.externaltools.gnu-tools-for-stm32.12.3.rel1.win32_1.0.100.202403111256/tools/bin/../lib/gcc/arm-none-eabi/12.3.1/../../../../arm-none-eabi/lib/thumb/v7e-m+fp/hard\libc_nano.a(libc_a-realloc.o)
                              ./Core/Src/cJSON.o (realloc)
C:/ST/STM32CubeIDE_1.5.1/STM32CubeIDE/plugins/com.st.stm32cube.ide.mcu.externaltools.gnu-tools-for-stm32.12.3.rel1.win32_1.0.100.202403111256/tools/bin/../lib/gcc/arm-none-eabi/12.3.1/../../../../arm-none-eabi/lib/thumb/v7e-m+fp/hard\libc_nano.a(libc_a-reallocr.o)
                              C:/ST/STM32CubeIDE_1.5.1/STM32CubeIDE/plugins/com.st.stm32cube.ide.mcu.externaltools.gnu-tools-for-stm32.12.3.rel1.win32_1.0.100.202403111256/tools/bin/../lib/gcc/arm-none-eabi/12.3.1/../../../../arm-none-eabi/lib/thumb/v7e-m+fp/hard\libc_nano.a(libc_a-realloc.o) (_realloc_r)
C:/ST/STM32CubeIDE_1.5.1/STM32CubeIDE/plugins/com.st.stm32cube.ide.mcu.externaltools.gnu-tools-for-stm32.12.3.rel1.win32_1.0.100.202403111256/tools/bin/../lib/gcc/arm-none-eabi/12.3.1/../../../../arm-none-eabi/lib/thumb/v7e-m+fp/hard\libc_nano.a(libc_a-strtod.o)
                              ./Core/Src/cJSON.o (strtod)
C:/ST/STM32CubeIDE_1.5.1/STM32CubeIDE/plugins/com.st.stm32cube.ide.mcu.externaltools.gnu-tools-for-stm32.12.3.rel1.win32_1.0.100.202403111256/tools/bin/../lib/gcc/arm-none-eabi/12.3.1/../../../../arm-none-eabi/lib/thumb/v7e-m+fp/hard\libc_nano.a(libc_a-ctype_.o)
                              ./Core/Src/cJSON.o (_ctype_)
C:/ST/STM32CubeIDE_1.5.1/STM32CubeIDE/plugins/com.st.stm32cube.ide.mcu.externaltools.gnu-tools-for-stm32.12.3.rel1.win32_1.0.100.202403111256/tools/bin/../lib/gcc/arm-none-eabi/12.3.1/../../../../arm-none-eabi/lib/thumb/v7e-m+fp/hard\libc_nano.a(libc_a-findfp.o)
                              ./Middlewares/Third_Party/FreeRTOS/Source/tasks.o (__sf)
C:/ST/STM32CubeIDE_1.5.1/STM32CubeIDE/plugins/com.st.stm32cube.ide.mcu.externaltools.gnu-tools-for-stm32.12.3.rel1.win32_1.0.100.202403111256/tools/bin/../lib/gcc/arm-none-eabi/12.3.1/../../../../arm-none-eabi/lib/thumb/v7e-m+fp/hard\libc_nano.a(libc_a-fwalk.o)
                              C:/ST/STM32CubeIDE_1.5.1/STM32CubeIDE/plugins/com.st.stm32cube.ide.mcu.externaltools.gnu-tools-for-stm32.12.3.rel1.win32_1.0.100.202403111256/tools/bin/../lib/gcc/arm-none-eabi/12.3.1/../../../../arm-none-eabi/lib/thumb/v7e-m+fp/hard\libc_nano.a(libc_a-findfp.o) (_fwalk_sglue)
C:/ST/STM32CubeIDE_1.5.1/STM32CubeIDE/plugins/com.st.stm32cube.ide.mcu.externaltools.gnu-tools-for-stm32.12.3.rel1.win32_1.0.100.202403111256/tools/bin/../lib/gcc/arm-none-eabi/12.3.1/../../../../arm-none-eabi/lib/thumb/v7e-m+fp/hard\libc_nano.a(libc_a-sprintf.o)
                              ./Core/Src/cJSON.o (sprintf)
[...]
Memory Configuration

Name             Origin             Length             Attributes
CCMRAM           0x10000000         0x00010000         xrw
RAM              0x20000000         0x00020000         xrw
FLASH            0x08000000         0x00100000         xr
*default*        0x00000000         0xffffffff

Linker script and memory map

LOAD C:/ST/STM32CubeIDE_1.5.1/STM32CubeIDE/plugins/com.st.stm32cube.ide.mcu.externaltools.gnu-tools-for-stm32.12.3.rel1.win32_1.0.100.202403111256/tools/bin/../lib/gcc/arm-none-eabi/12.3.1/thumb/v7e-m+fp/hard/crti.o
LOAD C:/ST/STM32CubeIDE_1.5.1/STM32CubeIDE/plugins/com.st.stm32cube.ide.mcu.externaltools.gnu-tools-for-stm32.12.3.rel1.win32_1.0.100.202403111256/tools/bin/../lib/gcc/arm-none-eabi/12.3.1/thumb/v7e-m+fp/hard/crtbegin.o
LOAD C:/ST/STM32CubeIDE_1.5.1/STM32CubeIDE/plugins/com.st.stm32cube.ide.mcu.externaltools.gnu-tools-for-stm32.12.3.rel1.win32_1.0.100.202403111256/tools/bin/../lib/gcc/arm-none-eabi/12.3.1/../../../../arm-none-eabi/lib/thumb/v7e-m+fp/hard/crt0.o
LOAD ./Core/Src/cJSON.o
LOAD ./Core/Src/cJSON_Utils.o
LOAD ./Core/Src/dma.o
LOAD ./Core/Src/eeprom.o
LOAD ./Core/Src/freertos.o
LOAD ./Core/Src/gpio.o
LOAD ./Core/Src/main.o
LOAD ./Core/Src/stm32f4xx_hal_msp.o
LOAD ./Core/Src/stm32f4xx_hal_timebase_tim.o
LOAD ./Core/Src/stm32f4xx_it.o
LOAD ./Core/Src/syscalls.o
LOAD ./Core/Src/sysmem.o
LOAD ./Core/Src/system_stm32f4xx.o
LOAD ./Core/Src/tim.o
LOAD ./Core/Src/usart.o
LOAD ./Core/Startup/startup_stm32f405rgtx.o
LOAD ./Drivers/STM32F4xx_HAL_Driver/Src/stm32f4xx_hal.o
LOAD ./Drivers/STM32F4xx_HAL_Driver/Src/stm32f4xx_hal_cortex.o
LOAD ./Drivers/STM32F4xx_HAL_Driver/Src/stm32f4xx_hal_dma.o
LOAD ./Drivers/STM32F4xx_HAL_Driver/Src/stm32f4xx_hal_dma_ex.o
LOAD ./Drivers/STM32F4xx_HAL_Driver/Src/stm32f4xx_hal_exti.o
LOAD ./Drivers/STM32F4xx_HAL_Driver/Src/stm32f4xx_hal_flash.o
LOAD ./Drivers/STM32F4xx_HAL_Driver/Src/stm32f4xx_hal_flash_ex.o
LOAD ./Drivers/STM32F4xx_HAL_Driver/Src/stm32f4xx_hal_flash_ramfunc.o
LOAD ./Drivers/STM32F4xx_HAL_Driver/Src/stm32f4xx_hal_gpio.o
LOAD ./Drivers/STM32F4xx_HAL_Driver/Src/stm32f4xx_hal_pwr.o
LOAD ./Drivers/STM32F4xx_HAL_Driver/Src/stm32f4xx_hal_pwr_ex.o
LOAD ./Drivers/STM32F4xx_HAL_Driver/Src/stm32f4xx_hal_rcc.o
LOAD ./Drivers/STM32F4xx_HAL_Driver/Src/stm32f4xx_hal_rcc_ex.o
LOAD ./Drivers/STM32F4xx_HAL_Driver/Src/stm32f4xx_hal_tim.o
LOAD ./Drivers/STM32F4xx_HAL_Driver/Src/stm32f4xx_hal_tim_ex.o
LOAD ./Drivers/STM32F4xx_HAL_Driver/Src/stm32f4xx_hal_uart.o
LOAD ./Middlewares/Third_Party/FreeRTOS/Source/CMSIS_RTOS/cmsis_os.o
LOAD ./Middlewares/Third_Party/FreeRTOS/Source/croutine.o
LOAD ./Middlewares/Third_Party/FreeRTOS/Source/event_groups.o
LOAD ./Middlewares/Third_Party/FreeRTOS/Source/list.o
LOAD ./Middlewares/Third_Party/FreeRTOS/Source/queue.o
LOAD ./Middlewares/Third_Party/FreeRTOS/Source/stream_buffer.o
LOAD ./Middlewares/Third_Party/FreeRTOS/Source/tasks.o
LOAD ./Middlewares/Third_Party/FreeRTOS/Source/timers.o
LOAD ./Middlewares/Third_Party/FreeRTOS/Source/portable/GCC/ARM_CM4F/port.o
LOAD ./Middlewares/Third_Party/FreeRTOS/Source/portable/MemMang/heap_4.o
START GROUP
LOAD C:/ST/STM32CubeIDE_1.5.1/STM32CubeIDE/plugins/com.st.stm32cube.ide.mcu.externaltools.gnu-tools-for-stm32.12.3.rel1.win32_1.0.100.202403111256/tools/bin/../lib/gcc/arm-none-eabi/12.3.1/../../../../arm-none-eabi/lib/thumb/v7e-m+fp/hard\libc_nano.a
LOAD C:/ST/STM32CubeIDE_1.5.1/STM32CubeIDE/plugins/com.st.stm32cube.ide.mcu.externaltools.gnu-tools-for-stm32.12.3.rel1.win32_1.0.100.202403111256/tools/bin/../lib/gcc/arm-none-eabi/12.3.1/../../../../arm-none-eabi/lib/thumb/v7e-m+fp/hard\libm.a
END GROUP
START GROUP
LOAD C:/ST/STM32CubeIDE_1.5.1/STM32CubeIDE/plugins/com.st.stm32cube.ide.mcu.externaltools.gnu-tools-for-stm32.12.3.rel1.win32_1.0.100.202403111256/tools/bin/../lib/gcc/arm-none-eabi/12.3.1/thumb/v7e-m+fp/hard\libgcc.a
LOAD C:/ST/STM32CubeIDE_1.5.1/STM32CubeIDE/plugins/com.st.stm32cube.ide.mcu.externaltools.gnu-tools-for-stm32.12.3.rel1.win32_1.0.100.202403111256/tools/bin/../lib/gcc/arm-none-eabi/12.3.1/../../../../arm-none-eabi/lib/thumb/v7e-m+fp/hard\libc_nano.a
END GROUP
START GROUP
LOAD C:/ST/STM32CubeIDE_1.5.1/STM32CubeIDE/plugins/com.st.stm32cube.ide.mcu.externaltools.gnu-tools-for-stm32.12.3.rel1.win32_1.0.100.202403111256/tools/bin/../lib/gcc/arm-none-eabi/12.3.1/thumb/v7e-m+fp/hard\libgcc.a
LOAD C:/ST/STM32CubeIDE_1.5.1/STM32CubeIDE/plugins/com.st.stm32cube.ide.mcu.externaltools.gnu-tools-for-stm32.12.3.rel1.win32_1.0.100.202403111256/tools/bin/../lib/gcc/arm-none-eabi/12.3.1/../../../../arm-none-eabi/lib/thumb/v7e-m+fp/hard\libc_nano.a
LOAD C:/ST/STM32CubeIDE_1.5.1/STM32CubeIDE/plugins/com.st.stm32cube.ide.mcu.externaltools.gnu-tools-for-stm32.12.3.rel1.win32_1.0.100.202403111256/tools/bin/../lib/gcc/arm-none-eabi/12.3.1/../../../../arm-none-eabi/lib/thumb/v7e-m+fp/hard\libnosys.a
END GROUP
START GROUP
LOAD C:/ST/STM32CubeIDE_1.5.1/STM32CubeIDE/plugins/com.st.stm32cube.ide.mcu.externaltools.gnu-tools-for-stm32.12.3.rel1.win32_1.0.100.202403111256/tools/bin/../lib/gcc/arm-none-eabi/12.3.1/thumb/v7e-m+fp/hard\libgcc.a
LOAD C:/ST/STM32CubeIDE_1.5.1/STM32CubeIDE/plugins/com.st.stm32cube.ide.mcu.externaltools.gnu-tools-for-stm32.12.3.rel1.win32_1.0.100.202403111256/tools/bin/../lib/gcc/arm-none-eabi/12.3.1/../../../../arm-none-eabi/lib/thumb/v7e-m+fp/hard\libc_nano.a
LOAD C:/ST/STM32CubeIDE_1.5.1/STM32CubeIDE/plugins/com.st.stm32cube.ide.mcu.externaltools.gnu-tools-for-stm32.12.3.rel1.win32_1.0.100.202403111256/tools/bin/../lib/gcc/arm-none-eabi/12.3.1/../../../../arm-none-eabi/lib/thumb/v7e-m+fp/hard\libnosys.a
END GROUP
LOAD C:/ST/STM32CubeIDE_1.5.1/STM32CubeIDE/plugins/com.st.stm32cube.ide.mcu.externaltools.gnu-tools-for-stm32.12.3.rel1.win32_1.0.100.202403111256/tools/bin/../lib/gcc/arm-none-eabi/12.3.1/thumb/v7e-m+fp/hard/crtend.o
LOAD C:/ST/STM32CubeIDE_1.5.1/STM32CubeIDE/plugins/com.st.stm32cube.ide.mcu.externaltools.gnu-tools-for-stm32.12.3.rel1.win32_1.0.100.202403111256/tools/bin/../lib/gcc/arm-none-eabi/12.3.1/thumb/v7e-m+fp/hard/crtn.o
                0x20020000                        _estack = (ORIGIN (RAM) + LENGTH (RAM))
                0x00002000                        _Min_Heap_Size = 0x2000
                0x00004000                        _Min_Stack_Size = 0x4000

.isr_vector     0x08000000      0x188
                0x08000000                        . = ALIGN (0x4)
 *(.isr_vector)
 .isr_vector    0x08000000      0x188 ./Core/Startup/startup_stm32f405rgtx.o
                0x08000000                g_pfnVectors
                0x08000188                        . = ALIGN (0x4)

.text           0x08000190     0xef84
                0x08000190                        . = ALIGN (0x4)
 *(.text)
 .text          0x08000190       0x40 C:/ST/STM32CubeIDE_1.5.1/STM32CubeIDE/plugins/com.st.stm32cube.ide.mcu.externaltools.gnu-tools-for-stm32.12.3.rel1.win32_1.0.100.202403111256/tools/bin/../lib/gcc/arm-none-eabi/12.3.1/thumb/v7e-m+fp/hard/crtbegin.o
 .text          0x080001d0       0x14 C:/ST/STM32CubeIDE_1.5.1/STM32CubeIDE/plugins/com.st.stm32cube.ide.mcu.externaltools.gnu-tools-for-stm32.12.3.rel1.win32_1.0.100.202403111256/tools/bin/../lib/gcc/arm-none-eabi/12.3.1/../../../../arm-none-eabi/lib/thumb/v7e-m+fp/hard\libc_nano.a(libc_a-strcmp.o)
                0x080001d0                strcmp
 .text          0x080001e4       0x10 C:/ST/STM32CubeIDE_1.5.1/STM32CubeIDE/plugins/com.st.stm32cube.ide.mcu.externaltools.gnu-tools-for-stm32.12.3.rel1.win32_1.0.100.202403111256/tools/bin/../lib/gcc/arm-none-eabi/12.3.1/../../../../arm-none-eabi/lib/thumb/v7e-m+fp/hard\libc_nano.a(libc_a-strlen.o)
                0x080001e4                strlen
 *fill*         0x080001f4        0xc 
 .text          0x08000200       0xa0 C:/ST/STM32CubeIDE_1.5.1/STM32CubeIDE/plugins/com.st.stm32cube.ide.mcu.externaltools.gnu-tools-for-stm32.12.3.rel1.win32_1.0.100.202403111256/tools/bin/../lib/gcc/arm-none-eabi/12.3.1/../../../../arm-none-eabi/lib/thumb/v7e-m+fp/hard\libc_nano.a(libc_a-memchr.o)
                0x08000200                memchr
 .text          0x080002a0      0x378 C:/ST/STM32CubeIDE_1.5.1/STM32CubeIDE/plugins/com.st.stm32cube.ide.mcu.externaltools.gnu-tools-for-stm32.12.3.rel1.win32_1.0.100.202403111256/tools/bin/../lib/gcc/arm-none-eabi/12.3.1/thumb/v7e-m+fp/hard\libgcc.a(_arm_addsubdf3.o)
                0x080002a0                __aeabi_drsub
                0x080002a8                __aeabi_dsub
                0x080002a8                __subdf3
                0x080002ac                __aeabi_dadd
                0x080002ac                __adddf3
                0x08000524                __floatunsidf
                0x08000524                __aeabi_ui2d
                0x08000544                __floatsidf
                0x08000544                __aeabi_i2d
                0x08000568                __aeabi_f2d
                0x08000568                __extendsfdf2
                0x080005ac                __floatundidf
                0x080005ac                __aeabi_ul2d
                0x080005bc                __floatdidf
                0x080005bc                __aeabi_l2d
 .text          0x08000618      0x424 C:/ST/STM32CubeIDE_1.5.1/STM32CubeIDE/plugins/com.st.stm32cube.ide.mcu.externaltools.gnu-tools-for-stm32.12.3.rel1.win32_1.0.100.202403111256/tools/bin/../lib/gcc/arm-none-eabi/12.3.1/thumb/v7e-m+fp/hard\libgcc.a(_arm_muldivdf3.o)
                0x08000618                __aeabi_dmul
                0x08000618                __muldf3
                0x0800086c                __divdf3
                0x0800086c                __aeabi_ddiv
 .text          0x08000a3c      0x110 C:/ST/STM32CubeIDE_1.5.1/STM32CubeIDE/plugins/com.st.stm32cube.ide.mcu.externaltools.gnu-tools-for-stm32.12.3.rel1.win32_1.0.100.202403111256/tools/bin/../lib/gcc/arm-none-eabi/12.3.1/thumb/v7e-m+fp/hard\libgcc.a(_arm_cmpdf2.o)
                0x08000a3c                __gtdf2
                0x08000a3c                __gedf2
                0x08000a44                __ltdf2
                0x08000a44                __ledf2
                0x08000a4c                __nedf2
                0x08000a4c                __eqdf2
                0x08000a4c                __cmpdf2
                0x08000ac8                __aeabi_cdrcmple
                0x08000ad8                __aeabi_cdcmpeq
                0x08000ad8                __aeabi_cdcmple
                0x08000ae8                __aeabi_dcmpeq
                0x08000afc                __aeabi_dcmplt
                0x08000b10                __aeabi_dcmple
                0x08000b24                __aeabi_dcmpge
                0x08000b38                __aeabi_dcmpgt
 .text          0x08000b4c       0x2c C:/ST/STM32CubeIDE_1.5.1/STM32CubeIDE/plugins/com.st.stm32cube.ide.mcu.externaltools.gnu-tools-for-stm32.12.3.rel1.win32_1.0.100.202403111256/tools/bin/../lib/gcc/arm-none-eabi/12.3.1/thumb/v7e-m+fp/hard\libgcc.a(_arm_unorddf2.o)
                0x08000b4c                __unorddf2
                0x08000b4c                __aeabi_dcmpun
 .text          0x08000b78       0x50 C:/ST/STM32CubeIDE_1.5.1/STM32CubeIDE/plugins/com.st.stm32cube.ide.mcu.externaltools.gnu-tools-for-stm32.12.3.rel1.win32_1.0.100.202403111256/tools/bin/../lib/gcc/arm-none-eabi/12.3.1/thumb/v7e-m+fp/hard\libgcc.a(_arm_fixdfsi.o)
                0x08000b78                __aeabi_d2iz
                0x08000b78                __fixdfsi
 .text          0x08000bc8       0x40 C:/ST/STM32CubeIDE_1.5.1/STM32CubeIDE/plugins/com.st.stm32cube.ide.mcu.externaltools.gnu-tools-for-stm32.12.3.rel1.win32_1.0.100.202403111256/tools/bin/../lib/gcc/arm-none-eabi/12.3.1/thumb/v7e-m+fp/hard\libgcc.a(_arm_fixunsdfsi.o)
                0x08000bc8                __aeabi_d2uiz
                0x08000bc8                __fixunsdfsi
 .text          0x08000c08       0xa0 C:/ST/STM32CubeIDE_1.5.1/STM32CubeIDE/plugins/com.st.stm32cube.ide.mcu.externaltools.gnu-tools-for-stm32.12.3.rel1.win32_1.0.100.202403111256/tools/bin/../lib/gcc/arm-none-eabi/12.3.1/thumb/v7e-m+fp/hard\libgcc.a(_arm_truncdfsf2.o)
                0x08000c08                __truncdfsf2
                0x08000c08                __aeabi_d2f
 .text          0x08000ca8       0x30 C:/ST/STM32CubeIDE_1.5.1/STM32CubeIDE/plugins/com.st.stm32cube.ide.mcu.externaltools.gnu-tools-for-stm32.12.3.rel1.win32_1.0.100.202403111256/tools/bin/../lib/gcc/arm-none-eabi/12.3.1/thumb/v7e-m+fp/hard\libgcc.a(_aeabi_uldivmod.o)
                0x08000ca8                __aeabi_uldivmod
 .text          0x08000cd8       0x30 C:/ST/STM32CubeIDE_1.5.1/STM32CubeIDE/plugins/com.st.stm32cube.ide.mcu.externaltools.gnu-tools-for-stm32.12.3.rel1.win32_1.0.100.202403111256/tools/bin/../lib/gcc/arm-none-eabi/12.3.1/thumb/v7e-m+fp/hard\libgcc.a(_fixdfdi.o)
                0x08000cd8                __fixdfdi
                0x08000cd8                __aeabi_d2lz
 .text          0x08000d08       0x3c C:/ST/STM32CubeIDE_1.5.1/STM32CubeIDE/plugins/com.st.stm32cube.ide.mcu.externaltools.gnu-tools-for-stm32.12.3.rel1.win32_1.0.100.202403111256/tools/bin/../lib/gcc/arm-none-eabi/12.3.1/thumb/v7e-m+fp/hard\libgcc.a(_fixunsdfdi.o)
                0x08000d08                __fixunsdfdi
                0x08000d08                __aeabi_d2ulz
 .text          0x08000d44      0x2bc C:/ST/STM32CubeIDE_1.5.1/STM32CubeIDE/plugins/com.st.stm32cube.ide.mcu.externaltools.gnu-tools-for-stm32.12.3.rel1.win32_1.0.100.202403111256/tools/bin/../lib/gcc/arm-none-eabi/12.3.1/thumb/v7e-m+fp/hard\libgcc.a(_udivmoddi4.o)
                0x08000d44                __udivmoddi4
 .text          0x08001000        0x4 C:/ST/STM32CubeIDE_1.5.1/STM32CubeIDE/plugins/com.st.stm32cube.ide.mcu.externaltools.gnu-tools-for-stm32.12.3.rel1.win32_1.0.100.202403111256/tools/bin/../lib/gcc/arm-none-eabi/12.3.1/thumb/v7e-m+fp/hard\libgcc.a(_dvmd_tls.o)
                0x08001000                __aeabi_idiv0
                0x08001000                __aeabi_ldiv0
 *(.text*)
 .text.cJSON_GetNumberValue
                0x08001004       0x38 ./Core/Src/cJSON.o
                0x08001004                cJSON_GetNumberValue
 .text.case_insensitive_strcmp
                0x0800103c       0xd8 ./Core/Src/cJSON.o
 .text.cJSON_strdup
                0x08001114       0x50 ./Core/Src/cJSON.o
 .text.cJSON_New_Item
                0x08001164       0x2c ./Core/Src/cJSON.o
 .text.cJSON_Delete
                0x08001190       0xa0 ./Core/Src/cJSON.o
                0x08001190                cJSON_Delete
 .text.get_decimal_point
                0x08001230       0x10 ./Core/Src/cJSON.o
 .text.parse_number
                0x08001240      0x198 ./Core/Src/cJSON.o
 .text.ensure   0x080013d8      0x134 ./Core/Src/cJSON.o
 .text.update_offset
                0x0800150c       0x42 ./Core/Src/cJSON.o
 *fill*         0x0800154e        0x2 
 .text.compare_double
                0x08001550       0x90 ./Core/Src/cJSON.o
 .text.print_number
                0x080015e0      0x1e0 ./Core/Src/cJSON.o
 .text.parse_hex4
                0x080017c0       0xc4 ./Core/Src/cJSON.o
 .text.utf16_literal_to_utf8
                0x08001884      0x1d0 ./Core/Src/cJSON.o
 .text.parse_string
                0x08001a54      0x290 ./Core/Src/cJSON.o
 .text.print_string_ptr
                0x08001ce4      0x260 ./Core/Src/cJSON.o
 .text.print_string
                0x08001f44       0x20 ./Core/Src/cJSON.o
 .text.buffer_skip_whitespace
                0x08001f64       0x80 ./Core/Src/cJSON.o
 .text.skip_utf8_bom
                0x08001fe4       0x68 ./Core/Src/cJSON.o
 .text.cJSON_ParseWithOpts
                0x0800204c       0x38 ./Core/Src/cJSON.o
                0x0800204c                cJSON_ParseWithOpts
 .text.cJSON_ParseWithLengthOpts
                0x08002084      0x134 ./Core/Src/cJSON.o
                0x08002084                cJSON_ParseWithLengthOpts
 .text.cJSON_Parse
                0x080021b8       0x1c ./Core/Src/cJSON.o
                0x080021b8                cJSON_Parse
 .text.print    0x080021d4      0x114 ./Core/Src/cJSON.o
 .text.cJSON_Print
                0x080022e8       0x20 ./Core/Src/cJSON.o
                0x080022e8                cJSON_Print
 .text.parse_value
                0x08002308      0x1d8 ./Core/Src/cJSON.o
 .text.print_value
                0x080024e0      0x1c8 ./Core/Src/cJSON.o
 .text.parse_array
                0x080026a8      0x188 ./Core/Src/cJSON.o
 .text.print_array
                0x08002830      0x10c ./Core/Src/cJSON.o
 .text.parse_object
                0x0800293c      0x218 ./Core/Src/cJSON.o
 .text.print_object
                0x08002b54      0x23c ./Core/Src/cJSON.o
 .text.get_object_item
                0x08002d90       0x90 ./Core/Src/cJSON.o
 .text.cJSON_GetObjectItemCaseSensitive
                0x08002e20       0x1e ./Core/Src/cJSON.o
                0x08002e20                cJSON_GetObjectItemCaseSensitive
 .text.suffix_object
                0x08002e3e       0x22 ./Core/Src/cJSON.o
 .text.add_item_to_array
                0x08002e60       0x6c ./Core/Src/cJSON.o
 .text.cast_away_const
                0x08002ecc       0x16 ./Core/Src/cJSON.o
 .text.add_item_to_object
                0x08002ee2       0xaa ./Core/Src/cJSON.o
 .text.cJSON_AddItemToObject
                0x08002f8c       0x2c ./Core/Src/cJSON.o
                0x08002f8c                cJSON_AddItemToObject
 .text.cJSON_AddNumberToObject
                0x08002fb8       0x48 ./Core/Src/cJSON.o
                0x08002fb8                cJSON_AddNumberToObject
 .text.cJSON_AddStringToObject
                0x08003000       0x44 ./Core/Src/cJSON.o
                0x08003000                cJSON_AddStringToObject
 *fill*         0x08003044        0x4 
 .text.cJSON_CreateNumber
                0x08003048       0x90 ./Core/Src/cJSON.o
                0x08003048                cJSON_CreateNumber
 .text.cJSON_CreateString
                0x080030d8       0x4c ./Core/Src/cJSON.o
                0x080030d8                cJSON_CreateString
 .text.cJSON_CreateObject
                0x08003124       0x28 ./Core/Src/cJSON.o
                0x08003124                cJSON_CreateObject
 .text.cJSON_IsTrue
                0x0800314c       0x2e ./Core/Src/cJSON.o
                0x0800314c                cJSON_IsTrue
 .text.cJSON_IsNumber
                0x0800317a       0x2e ./Core/Src/cJSON.o
                0x0800317a                cJSON_IsNumber
 .text.cJSON_free
                0x080031a8       0x20 ./Core/Src/cJSON.o
                0x080031a8                cJSON_free
 .text.MX_DMA_Init
                0x080031c8       0x50 ./Core/Src/dma.o
                0x080031c8                MX_DMA_Init
 .text.EE_Init  0x08003218      0x3c0 ./Core/Src/eeprom.o
                0x08003218                EE_Init
 .text.EE_VerifyPageFullyErased
                0x080035d8       0x54 ./Core/Src/eeprom.o
 .text.EE_ReadVariable
                0x0800362c       0x90 ./Core/Src/eeprom.o
                0x0800362c                EE_ReadVariable
 .text.EE_WriteVariable
                0x080036bc       0x44 ./Core/Src/eeprom.o
                0x080036bc                EE_WriteVariable
 .text.EE_Format
                0x08003700       0xa4 ./Core/Src/eeprom.o
 .text.EE_FindValidPage
                0x080037a4       0x8c ./Core/Src/eeprom.o
 .text.EE_VerifyPageFullWriteVariable
                0x08003830       0xc4 ./Core/Src/eeprom.o
 .text.EE_PageTransfer
                0x080038f4      0x178 ./Core/Src/eeprom.o
 .text.map      0x08003a6c       0x5c ./Core/Src/freertos.o
                0x08003a6c                map
 .text.vApplicationGetIdleTaskMemory
                0x08003ac8       0x34 ./Core/Src/freertos.o
                0x08003ac8                vApplicationGetIdleTaskMemory
 .text.MX_FREERTOS_Init
                0x08003afc       0xac ./Core/Src/freertos.o
                0x08003afc                MX_FREERTOS_Init
 .text.mainTask
                0x08003ba8       0xfc ./Core/Src/freertos.o
                0x08003ba8                mainTask
 .text.settingsTask
                0x08003ca4      0x174 ./Core/Src/freertos.o
                0x08003ca4                settingsTask
 .text.actoin_motor_set
                0x08003e18       0x18 ./Core/Src/freertos.o
                0x08003e18                actoin_motor_set
 .text.actoin_set
                0x08003e30       0xfc ./Core/Src/freertos.o
                0x08003e30                actoin_set
 .text.actoin_resp_all_set
                0x08003f2c        0xe ./Core/Src/freertos.o
                0x08003f2c                actoin_resp_all_set
 *fill*         0x08003f3a        0x6 
 .text.actoin_resp_status
                0x08003f40       0xe8 ./Core/Src/freertos.o
                0x08003f40                actoin_resp_status
 .text.HAL_UARTEx_RxEventCallback
                0x08004028      0x164 ./Core/Src/freertos.o
                0x08004028                HAL_UARTEx_RxEventCallback
 .text.DS18B20_Init
                0x0800418c       0x4c ./Core/Src/freertos.o
 .text.DS18B20_ReadBit
                0x080041d8       0x34 ./Core/Src/freertos.o
 .text.DS18B20_ReadByte
                0x0800420c       0x3e ./Core/Src/freertos.o
 *fill*         0x0800424a        0x2 
 .text.DS18B20_WriteByte
                0x0800424c       0x60 ./Core/Src/freertos.o
 .text.DS18B20_SampleTemp
                0x080042ac       0x18 ./Core/Src/freertos.o
                0x080042ac                DS18B20_SampleTemp
 .text.DS18B20_ReadTemp
                0x080042c4       0x5c ./Core/Src/freertos.o
                0x080042c4                DS18B20_ReadTemp
 .text.DS18B20_usart_setup
                0x08004320       0x74 ./Core/Src/freertos.o
                0x08004320                DS18B20_usart_setup
 .text.MX_GPIO_Init
                0x08004394      0x114 ./Core/Src/gpio.o
                0x08004394                MX_GPIO_Init
 .text.main     0x080044a8      0x120 ./Core/Src/main.o
                0x080044a8                main
 .text.SystemClock_Config
                0x080045c8       0xd4 ./Core/Src/main.o
                0x080045c8                SystemClock_Config
 .text.STM_LOG  0x0800469c       0x70 ./Core/Src/main.o
                0x0800469c                STM_LOG
 .text.eeprom_read
                0x0800470c       0x80 ./Core/Src/main.o
                0x0800470c                eeprom_read
 .text.eeprom_write
                0x0800478c       0x9c ./Core/Src/main.o
                0x0800478c                eeprom_write
 .text.HAL_TIM_PeriodElapsedCallback
                0x08004828       0x54 ./Core/Src/main.o
                0x08004828                HAL_TIM_PeriodElapsedCallback
 .text.Error_Handler
                0x0800487c        0xc ./Core/Src/main.o
                0x0800487c                Error_Handler
 .text.HAL_MspInit
                0x08004888       0x58 ./Core/Src/stm32f4xx_hal_msp.o
                0x08004888                HAL_MspInit
 .text.HAL_InitTick
                0x080048e0       0xf8 ./Core/Src/stm32f4xx_hal_timebase_tim.o
                0x080048e0                HAL_InitTick
 .text.NMI_Handler
                0x080049d8        0x8 ./Core/Src/stm32f4xx_it.o
                0x080049d8                NMI_Handler
 .text.HardFault_Handler
                0x080049e0        0x8 ./Core/Src/stm32f4xx_it.o
                0x080049e0                HardFault_Handler
 .text.MemManage_Handler
                0x080049e8        0x8 ./Core/Src/stm32f4xx_it.o
                0x080049e8                MemManage_Handler
 .text.BusFault_Handler
                0x080049f0        0x8 ./Core/Src/stm32f4xx_it.o
                0x080049f0                BusFault_Handler
 .text.UsageFault_Handler
                0x080049f8        0x8 ./Core/Src/stm32f4xx_it.o
                0x080049f8                UsageFault_Handler
 .text.DebugMon_Handler
                0x08004a00        0xe ./Core/Src/stm32f4xx_it.o
                0x08004a00                DebugMon_Handler
 *fill*         0x08004a0e        0x2 
 .text.DMA1_Stream5_IRQHandler
                0x08004a10       0x14 ./Core/Src/stm32f4xx_it.o
                0x08004a10                DMA1_Stream5_IRQHandler
 .text.DMA1_Stream6_IRQHandler
                0x08004a24       0x14 ./Core/Src/stm32f4xx_it.o
                0x08004a24                DMA1_Stream6_IRQHandler
 .text.USART2_IRQHandler
                0x08004a38       0x14 ./Core/Src/stm32f4xx_it.o
                0x08004a38                USART2_IRQHandler
 .text.TIM8_BRK_TIM12_IRQHandler
                0x08004a4c       0x14 ./Core/Src/stm32f4xx_it.o
                0x08004a4c                TIM8_BRK_TIM12_IRQHandler
 .text.TIM8_TRG_COM_TIM14_IRQHandler
                0x08004a60       0x14 ./Core/Src/stm32f4xx_it.o
                0x08004a60                TIM8_TRG_COM_TIM14_IRQHandler
 .text._getpid  0x08004a74       0x10 ./Core/Src/syscalls.o
                0x08004a74                _getpid
 .text._kill    0x08004a84       0x20 ./Core/Src/syscalls.o
                0x08004a84                _kill
 .text._exit    0x08004aa4       0x16 ./Core/Src/syscalls.o
                0x08004aa4                _exit
 .text._read    0x08004aba       0x3a ./Core/Src/syscalls.o
                0x08004aba                _read
 .text._write   0x08004af4       0x38 ./Core/Src/syscalls.o
                0x08004af4                _write
 .text._close   0x08004b2c       0x18 ./Core/Src/syscalls.o
                0x08004b2c                _close
 .text._fstat   0x08004b44       0x20 ./Core/Src/syscalls.o
                0x08004b44                _fstat
 .text._isatty  0x08004b64       0x16 ./Core/Src/syscalls.o
                0x08004b64                _isatty
 .text._lseek   0x08004b7a       0x1a ./Core/Src/syscalls.o
                0x08004b7a                _lseek
 .text._sbrk    0x08004b94       0x6c ./Core/Src/sysmem.o
                0x08004b94                _sbrk
 .text.SystemInit
                0x08004c00       0x24 ./Core/Src/system_stm32f4xx.o
                0x08004c00                SystemInit
 .text.MX_TIM13_Init
                0x08004c24       0x48 ./Core/Src/tim.o
                0x08004c24                MX_TIM13_Init
 .text.MX_TIM14_Init
                0x08004c6c       0x48 ./Core/Src/tim.o
                0x08004c6c                MX_TIM14_Init
 .text.HAL_TIM_Base_MspInit
                0x08004cb4       0x7c ./Core/Src/tim.o
                0x08004cb4                HAL_TIM_Base_MspInit
 .text.MX_USART1_UART_Init
                0x08004d30       0x54 ./Core/Src/usart.o
                0x08004d30                MX_USART1_UART_Init
 .text.MX_USART2_UART_Init
                0x08004d84       0x54 ./Core/Src/usart.o
                0x08004d84                MX_USART2_UART_Init
 .text.HAL_UART_MspInit
                0x08004dd8      0x1d4 ./Core/Src/usart.o
                0x08004dd8                HAL_UART_MspInit
 .text.HAL_UART_MspDeInit
                0x08004fac       0x7c ./Core/Src/usart.o
                0x08004fac                HAL_UART_MspDeInit
 .text.Reset_Handler
                0x08005028       0x50 ./Core/Startup/startup_stm32f405rgtx.o
                0x08005028                Reset_Handler
 .text.Default_Handler
                0x08005078        0x2 ./Core/Startup/startup_stm32f405rgtx.o
                0x08005078                RTC_Alarm_IRQHandler
                0x08005078                HASH_RNG_IRQHandler
                0x08005078                EXTI2_IRQHandler
                0x08005078                TIM8_CC_IRQHandler
                0x08005078                TIM1_CC_IRQHandler
                0x08005078                DMA2_Stream5_IRQHandler
                0x08005078                PVD_IRQHandler
                0x08005078                SDIO_IRQHandler
                0x08005078                TAMP_STAMP_IRQHandler
                0x08005078                CAN2_RX1_IRQHandler
                0x08005078                EXTI3_IRQHandler
                0x08005078                TIM1_UP_TIM10_IRQHandler
                0x08005078                TIM8_UP_TIM13_IRQHandler
                0x08005078                I2C3_ER_IRQHandler
                0x08005078                EXTI0_IRQHandler
                0x08005078                I2C2_EV_IRQHandler
                0x08005078                DMA1_Stream2_IRQHandler
                0x08005078                CAN1_RX0_IRQHandler
                0x08005078                FPU_IRQHandler
                0x08005078                OTG_HS_WKUP_IRQHandler
                0x08005078                CAN2_SCE_IRQHandler
                0x08005078                DMA2_Stream2_IRQHandler
                0x08005078                SPI1_IRQHandler
                0x08005078                TIM6_DAC_IRQHandler
                0x08005078                TIM1_BRK_TIM9_IRQHandler
                0x08005078                CAN2_RX0_IRQHandler
                0x08005078                DMA2_Stream3_IRQHandler
                0x08005078                USART6_IRQHandler
                0x08005078                USART3_IRQHandler
                0x08005078                CAN1_RX1_IRQHandler
                0x08005078                UART5_IRQHandler
                0x08005078                DMA2_Stream0_IRQHandler
                0x08005078                TIM4_IRQHandler
                0x08005078                I2C1_EV_IRQHandler
                0x08005078                DMA1_Stream1_IRQHandler
                0x08005078                UART4_IRQHandler
                0x08005078                TIM3_IRQHandler
                0x08005078                RCC_IRQHandler
                0x08005078                Default_Handler
                0x08005078                EXTI15_10_IRQHandler
                0x08005078                ADC_IRQHandler
                0x08005078                DMA1_Stream7_IRQHandler
                0x08005078                TIM7_IRQHandler
                0x08005078                CAN2_TX_IRQHandler
                0x08005078                TIM5_IRQHandler
                0x08005078                DMA2_Stream7_IRQHandler
                0x08005078                I2C3_EV_IRQHandler
                0x08005078                EXTI9_5_IRQHandler
                0x08005078                RTC_WKUP_IRQHandler
                0x08005078                SPI2_IRQHandler
                0x08005078                OTG_HS_EP1_IN_IRQHandler
                0x08005078                DMA1_Stream0_IRQHandler
                0x08005078                CAN1_TX_IRQHandler
                0x08005078                EXTI4_IRQHandler
                0x08005078                FSMC_IRQHandler
                0x08005078                OTG_HS_EP1_OUT_IRQHandler
                0x08005078                WWDG_IRQHandler
                0x08005078                TIM2_IRQHandler
                0x08005078                OTG_FS_WKUP_IRQHandler
                0x08005078                TIM1_TRG_COM_TIM11_IRQHandler
                0x08005078                OTG_HS_IRQHandler
                0x08005078                EXTI1_IRQHandler
                0x08005078                I2C2_ER_IRQHandler
                0x08005078                DMA2_Stream1_IRQHandler
                0x08005078                CAN1_SCE_IRQHandler
                0x08005078                FLASH_IRQHandler
                0x08005078                DMA2_Stream4_IRQHandler
                0x08005078                USART1_IRQHandler
                0x08005078                OTG_FS_IRQHandler
                0x08005078                SPI3_IRQHandler
                0x08005078                DMA1_Stream4_IRQHandler
                0x08005078                I2C1_ER_IRQHandler
                0x08005078                DMA2_Stream6_IRQHandler
                0x08005078                DMA1_Stream3_IRQHandler
 *fill*         0x0800507a        0x2 
 .text.HAL_Init
                0x0800507c       0x44 ./Drivers/STM32F4xx_HAL_Driver/Src/stm32f4xx_hal.o
                0x0800507c                HAL_Init
 .text.HAL_IncTick
                0x080050c0       0x28 ./Drivers/STM32F4xx_HAL_Driver/Src/stm32f4xx_hal.o
                0x080050c0                HAL_IncTick
 .text.HAL_GetTick
                0x080050e8       0x18 ./Drivers/STM32F4xx_HAL_Driver/Src/stm32f4xx_hal.o
                0x080050e8                HAL_GetTick
 .text.__NVIC_SetPriorityGrouping
                0x08005100       0x48 ./Drivers/STM32F4xx_HAL_Driver/Src/stm32f4xx_hal_cortex.o
 .text.__NVIC_GetPriorityGrouping
                0x08005148       0x1c ./Drivers/STM32F4xx_HAL_Driver/Src/stm32f4xx_hal_cortex.o
 .text.__NVIC_EnableIRQ
                0x08005164       0x3c ./Drivers/STM32F4xx_HAL_Driver/Src/stm32f4xx_hal_cortex.o
 .text.__NVIC_DisableIRQ
                0x080051a0       0x48 ./Drivers/STM32F4xx_HAL_Driver/Src/stm32f4xx_hal_cortex.o
 .text.__NVIC_SetPriority
                0x080051e8       0x54 ./Drivers/STM32F4xx_HAL_Driver/Src/stm32f4xx_hal_cortex.o
 .text.NVIC_EncodePriority
                0x0800523c       0x66 ./Drivers/STM32F4xx_HAL_Driver/Src/stm32f4xx_hal_cortex.o
 .text.HAL_NVIC_SetPriorityGrouping
                0x080052a2       0x16 ./Drivers/STM32F4xx_HAL_Driver/Src/stm32f4xx_hal_cortex.o
                0x080052a2                HAL_NVIC_SetPriorityGrouping
 .text.HAL_NVIC_SetPriority
                0x080052b8       0x38 ./Drivers/STM32F4xx_HAL_Driver/Src/stm32f4xx_hal_cortex.o
                0x080052b8                HAL_NVIC_SetPriority
 .text.HAL_NVIC_EnableIRQ
                0x080052f0       0x1c ./Drivers/STM32F4xx_HAL_Driver/Src/stm32f4xx_hal_cortex.o
                0x080052f0                HAL_NVIC_EnableIRQ
 .text.HAL_NVIC_DisableIRQ
                0x0800530c       0x1c ./Drivers/STM32F4xx_HAL_Driver/Src/stm32f4xx_hal_cortex.o
                0x0800530c                HAL_NVIC_DisableIRQ
 .text.HAL_DMA_Init
                0x08005328      0x15c ./Drivers/STM32F4xx_HAL_Driver/Src/stm32f4xx_hal_dma.o
                0x08005328                HAL_DMA_Init
 .text.HAL_DMA_DeInit
                0x08005484       0xbc ./Drivers/STM32F4xx_HAL_Driver/Src/stm32f4xx_hal_dma.o
                0x08005484                HAL_DMA_DeInit
 .text.HAL_DMA_Start_IT
                0x08005540       0xb0 ./Drivers/STM32F4xx_HAL_Driver/Src/stm32f4xx_hal_dma.o
                0x08005540                HAL_DMA_Start_IT
 .text.HAL_DMA_Abort
                0x080055f0       0xe0 ./Drivers/STM32F4xx_HAL_Driver/Src/stm32f4xx_hal_dma.o
                0x080055f0                HAL_DMA_Abort
 .text.HAL_DMA_Abort_IT
                0x080056d0       0x44 ./Drivers/STM32F4xx_HAL_Driver/Src/stm32f4xx_hal_dma.o
                0x080056d0                HAL_DMA_Abort_IT
 .text.HAL_DMA_IRQHandler
                0x08005714      0x314 ./Drivers/STM32F4xx_HAL_Driver/Src/stm32f4xx_hal_dma.o
                0x08005714                HAL_DMA_IRQHandler
 .text.DMA_SetConfig
                0x08005a28       0x5c ./Drivers/STM32F4xx_HAL_Driver/Src/stm32f4xx_hal_dma.o
 .text.DMA_CalcBaseAndBitshift
                0x08005a84       0x6c ./Drivers/STM32F4xx_HAL_Driver/Src/stm32f4xx_hal_dma.o
 .text.DMA_CheckFifoParam
                0x08005af0       0xf8 ./Drivers/STM32F4xx_HAL_Driver/Src/stm32f4xx_hal_dma.o
 .text.HAL_FLASH_Program
                0x08005be8       0xa8 ./Drivers/STM32F4xx_HAL_Driver/Src/stm32f4xx_hal_flash.o
                0x08005be8                HAL_FLASH_Program
 .text.HAL_FLASH_Unlock
                0x08005c90       0x44 ./Drivers/STM32F4xx_HAL_Driver/Src/stm32f4xx_hal_flash.o
                0x08005c90                HAL_FLASH_Unlock
 .text.HAL_FLASH_Lock
                0x08005cd4       0x20 ./Drivers/STM32F4xx_HAL_Driver/Src/stm32f4xx_hal_flash.o
                0x08005cd4                HAL_FLASH_Lock
 .text.FLASH_WaitForLastOperation
                0x08005cf4       0x80 ./Drivers/STM32F4xx_HAL_Driver/Src/stm32f4xx_hal_flash.o
                0x08005cf4                FLASH_WaitForLastOperation
 .text.FLASH_Program_DoubleWord
                0x08005d74       0x64 ./Drivers/STM32F4xx_HAL_Driver/Src/stm32f4xx_hal_flash.o
 .text.FLASH_Program_Word
                0x08005dd8       0x44 ./Drivers/STM32F4xx_HAL_Driver/Src/stm32f4xx_hal_flash.o
 .text.FLASH_Program_HalfWord
                0x08005e1c       0x48 ./Drivers/STM32F4xx_HAL_Driver/Src/stm32f4xx_hal_flash.o
 .text.FLASH_Program_Byte
                0x08005e64       0x44 ./Drivers/STM32F4xx_HAL_Driver/Src/stm32f4xx_hal_flash.o
 .text.FLASH_SetErrorCode
                0x08005ea8       0xac ./Drivers/STM32F4xx_HAL_Driver/Src/stm32f4xx_hal_flash.o
 .text.HAL_FLASHEx_Erase
                0x08005f54       0xe0 ./Drivers/STM32F4xx_HAL_Driver/Src/stm32f4xx_hal_flash_ex.o
                0x08005f54                HAL_FLASHEx_Erase
 .text.FLASH_MassErase
                0x08006034       0x48 ./Drivers/STM32F4xx_HAL_Driver/Src/stm32f4xx_hal_flash_ex.o
 .text.FLASH_Erase_Sector
                0x0800607c       0x90 ./Drivers/STM32F4xx_HAL_Driver/Src/stm32f4xx_hal_flash_ex.o
                0x0800607c                FLASH_Erase_Sector
 .text.FLASH_FlushCaches
                0x0800610c       0x8c ./Drivers/STM32F4xx_HAL_Driver/Src/stm32f4xx_hal_flash_ex.o
                0x0800610c                FLASH_FlushCaches
 .text.HAL_GPIO_Init
                0x08006198      0x338 ./Drivers/STM32F4xx_HAL_Driver/Src/stm32f4xx_hal_gpio.o
                0x08006198                HAL_GPIO_Init
 .text.HAL_GPIO_DeInit
                0x080064d0      0x1f8 ./Drivers/STM32F4xx_HAL_Driver/Src/stm32f4xx_hal_gpio.o
                0x080064d0                HAL_GPIO_DeInit
 .text.HAL_GPIO_WritePin
                0x080066c8       0x32 ./Drivers/STM32F4xx_HAL_Driver/Src/stm32f4xx_hal_gpio.o
                0x080066c8                HAL_GPIO_WritePin
 *fill*         0x080066fa        0x2 
 .text.HAL_RCC_OscConfig
                0x080066fc      0x4f0 ./Drivers/STM32F4xx_HAL_Driver/Src/stm32f4xx_hal_rcc.o
                0x080066fc                HAL_RCC_OscConfig
 .text.HAL_RCC_ClockConfig
                0x08006bec      0x1cc ./Drivers/STM32F4xx_HAL_Driver/Src/stm32f4xx_hal_rcc.o
                0x08006bec                HAL_RCC_ClockConfig
 .text.HAL_RCC_GetSysClockFreq
                0x08006db8      0x18c ./Drivers/STM32F4xx_HAL_Driver/Src/stm32f4xx_hal_rcc.o
                0x08006db8                HAL_RCC_GetSysClockFreq
 .text.HAL_RCC_GetHCLKFreq
                0x08006f44       0x18 ./Drivers/STM32F4xx_HAL_Driver/Src/stm32f4xx_hal_rcc.o
                0x08006f44                HAL_RCC_GetHCLKFreq
 .text.HAL_RCC_GetPCLK1Freq
                0x08006f5c       0x28 ./Drivers/STM32F4xx_HAL_Driver/Src/stm32f4xx_hal_rcc.o
                0x08006f5c                HAL_RCC_GetPCLK1Freq
 .text.HAL_RCC_GetPCLK2Freq
                0x08006f84       0x28 ./Drivers/STM32F4xx_HAL_Driver/Src/stm32f4xx_hal_rcc.o
                0x08006f84                HAL_RCC_GetPCLK2Freq
 .text.HAL_RCC_GetClockConfig
                0x08006fac       0x64 ./Drivers/STM32F4xx_HAL_Driver/Src/stm32f4xx_hal_rcc.o
                0x08006fac                HAL_RCC_GetClockConfig
 .text.HAL_TIM_Base_Init
                0x08007010       0x9e ./Drivers/STM32F4xx_HAL_Driver/Src/stm32f4xx_hal_tim.o
                0x08007010                HAL_TIM_Base_Init
 *fill*         0x080070ae        0x2 
 .text.HAL_TIM_Base_Start
                0x080070b0       0xd0 ./Drivers/STM32F4xx_HAL_Driver/Src/stm32f4xx_hal_tim.o
                0x080070b0                HAL_TIM_Base_Start
 .text.HAL_TIM_Base_Start_IT
                0x08007180       0xe0 ./Drivers/STM32F4xx_HAL_Driver/Src/stm32f4xx_hal_tim.o
                0x08007180                HAL_TIM_Base_Start_IT
 .text.HAL_TIM_Base_Stop_IT
                0x08007260       0x5e ./Drivers/STM32F4xx_HAL_Driver/Src/stm32f4xx_hal_tim.o
                0x08007260                HAL_TIM_Base_Stop_IT
 .text.HAL_TIM_IRQHandler
                0x080072be      0x1e0 ./Drivers/STM32F4xx_HAL_Driver/Src/stm32f4xx_hal_tim.o
                0x080072be                HAL_TIM_IRQHandler
 .text.HAL_TIM_OC_DelayElapsedCallback
                0x0800749e       0x14 ./Drivers/STM32F4xx_HAL_Driver/Src/stm32f4xx_hal_tim.o
                0x0800749e                HAL_TIM_OC_DelayElapsedCallback
 .text.HAL_TIM_IC_CaptureCallback
                0x080074b2       0x14 ./Drivers/STM32F4xx_HAL_Driver/Src/stm32f4xx_hal_tim.o
                0x080074b2                HAL_TIM_IC_CaptureCallback
 .text.HAL_TIM_PWM_PulseFinishedCallback
                0x080074c6       0x14 ./Drivers/STM32F4xx_HAL_Driver/Src/stm32f4xx_hal_tim.o
                0x080074c6                HAL_TIM_PWM_PulseFinishedCallback
 .text.HAL_TIM_TriggerCallback
                0x080074da       0x14 ./Drivers/STM32F4xx_HAL_Driver/Src/stm32f4xx_hal_tim.o
                0x080074da                HAL_TIM_TriggerCallback
 *fill*         0x080074ee        0x2 
 .text.TIM_Base_SetConfig
                0x080074f0      0x158 ./Drivers/STM32F4xx_HAL_Driver/Src/stm32f4xx_hal_tim.o
                0x080074f0                TIM_Base_SetConfig
 .text.HAL_TIMEx_CommutCallback
                0x08007648       0x14 ./Drivers/STM32F4xx_HAL_Driver/Src/stm32f4xx_hal_tim_ex.o
                0x08007648                HAL_TIMEx_CommutCallback
 .text.HAL_TIMEx_BreakCallback
                0x0800765c       0x14 ./Drivers/STM32F4xx_HAL_Driver/Src/stm32f4xx_hal_tim_ex.o
                0x0800765c                HAL_TIMEx_BreakCallback
 .text.HAL_UART_Init
                0x08007670       0xa0 ./Drivers/STM32F4xx_HAL_Driver/Src/stm32f4xx_hal_uart.o
                0x08007670                HAL_UART_Init
 .text.HAL_UART_DeInit
                0x08007710       0x64 ./Drivers/STM32F4xx_HAL_Driver/Src/stm32f4xx_hal_uart.o
                0x08007710                HAL_UART_DeInit
 .text.HAL_UART_Transmit
                0x08007774      0x116 ./Drivers/STM32F4xx_HAL_Driver/Src/stm32f4xx_hal_uart.o
                0x08007774                HAL_UART_Transmit
 .text.HAL_UART_Receive
                0x0800788a      0x12e ./Drivers/STM32F4xx_HAL_Driver/Src/stm32f4xx_hal_uart.o
                0x0800788a                HAL_UART_Receive
 .text.HAL_UART_Transmit_DMA
                0x080079b8       0xe0 ./Drivers/STM32F4xx_HAL_Driver/Src/stm32f4xx_hal_uart.o
                0x080079b8                HAL_UART_Transmit_DMA
 .text.HAL_UARTEx_ReceiveToIdle_DMA
                0x08007a98       0xba ./Drivers/STM32F4xx_HAL_Driver/Src/stm32f4xx_hal_uart.o
                0x08007a98                HAL_UARTEx_ReceiveToIdle_DMA
 .text.HAL_UARTEx_GetRxEventType
                0x08007b52       0x18 ./Drivers/STM32F4xx_HAL_Driver/Src/stm32f4xx_hal_uart.o
                0x08007b52                HAL_UARTEx_GetRxEventType
 *fill*         0x08007b6a        0x2 
 .text.HAL_UART_Abort_IT
                0x08007b6c      0x228 ./Drivers/STM32F4xx_HAL_Driver/Src/stm32f4xx_hal_uart.o
                0x08007b6c                HAL_UART_Abort_IT
 .text.HAL_UART_IRQHandler
                0x08007d94      0x524 ./Drivers/STM32F4xx_HAL_Driver/Src/stm32f4xx_hal_uart.o
                0x08007d94                HAL_UART_IRQHandler
 .text.HAL_UART_TxCpltCallback
                0x080082b8       0x14 ./Drivers/STM32F4xx_HAL_Driver/Src/stm32f4xx_hal_uart.o
                0x080082b8                HAL_UART_TxCpltCallback
 .text.HAL_UART_TxHalfCpltCallback
                0x080082cc       0x14 ./Drivers/STM32F4xx_HAL_Driver/Src/stm32f4xx_hal_uart.o
                0x080082cc                HAL_UART_TxHalfCpltCallback
 .text.HAL_UART_RxCpltCallback
                0x080082e0       0x14 ./Drivers/STM32F4xx_HAL_Driver/Src/stm32f4xx_hal_uart.o
                0x080082e0                HAL_UART_RxCpltCallback
 .text.HAL_UART_RxHalfCpltCallback
                0x080082f4       0x14 ./Drivers/STM32F4xx_HAL_Driver/Src/stm32f4xx_hal_uart.o
                0x080082f4                HAL_UART_RxHalfCpltCallback
 .text.HAL_UART_ErrorCallback
                0x08008308       0x14 ./Drivers/STM32F4xx_HAL_Driver/Src/stm32f4xx_hal_uart.o
                0x08008308                HAL_UART_ErrorCallback
 .text.HAL_UART_AbortCpltCallback
                0x0800831c       0x14 ./Drivers/STM32F4xx_HAL_Driver/Src/stm32f4xx_hal_uart.o
                0x0800831c                HAL_UART_AbortCpltCallback
 .text.UART_DMATransmitCplt
                0x08008330       0x9a ./Drivers/STM32F4xx_HAL_Driver/Src/stm32f4xx_hal_uart.o
 .text.UART_DMATxHalfCplt
                0x080083ca       0x1c ./Drivers/STM32F4xx_HAL_Driver/Src/stm32f4xx_hal_uart.o
 .text.UART_DMAReceiveCplt
                0x080083e6      0x12c ./Drivers/STM32F4xx_HAL_Driver/Src/stm32f4xx_hal_uart.o
 .text.UART_DMARxHalfCplt
                0x08008512       0x3c ./Drivers/STM32F4xx_HAL_Driver/Src/stm32f4xx_hal_uart.o
 .text.UART_DMAError
                0x0800854e       0x94 ./Drivers/STM32F4xx_HAL_Driver/Src/stm32f4xx_hal_uart.o
 .text.UART_WaitOnFlagUntilTimeout
                0x080085e2       0xb2 ./Drivers/STM32F4xx_HAL_Driver/Src/stm32f4xx_hal_uart.o
 .text.UART_Start_Receive_DMA
                0x08008694      0x134 ./Drivers/STM32F4xx_HAL_Driver/Src/stm32f4xx_hal_uart.o
                0x08008694                UART_Start_Receive_DMA
 .text.UART_EndTxTransfer
                0x080087c8       0x50 ./Drivers/STM32F4xx_HAL_Driver/Src/stm32f4xx_hal_uart.o
 .text.UART_EndRxTransfer
                0x08008818       0xc6 ./Drivers/STM32F4xx_HAL_Driver/Src/stm32f4xx_hal_uart.o
 .text.UART_DMAAbortOnError
                0x080088de       0x28 ./Drivers/STM32F4xx_HAL_Driver/Src/stm32f4xx_hal_uart.o
 .text.UART_DMATxAbortCallback
                0x08008906       0x60 ./Drivers/STM32F4xx_HAL_Driver/Src/stm32f4xx_hal_uart.o
 .text.UART_DMARxAbortCallback
                0x08008966       0x60 ./Drivers/STM32F4xx_HAL_Driver/Src/stm32f4xx_hal_uart.o
 .text.UART_Transmit_IT
                0x080089c6       0xa0 ./Drivers/STM32F4xx_HAL_Driver/Src/stm32f4xx_hal_uart.o
 .text.UART_EndTransmit_IT
                0x08008a66       0x30 ./Drivers/STM32F4xx_HAL_Driver/Src/stm32f4xx_hal_uart.o
 .text.UART_Receive_IT
                0x08008a96      0x17c ./Drivers/STM32F4xx_HAL_Driver/Src/stm32f4xx_hal_uart.o
 *fill*         0x08008c12        0x2 
 .text.UART_SetConfig
                0x08008c14      0x4e8 ./Drivers/STM32F4xx_HAL_Driver/Src/stm32f4xx_hal_uart.o
 .text.makeFreeRtosPriority
                0x080090fc       0x30 ./Middlewares/Third_Party/FreeRTOS/Source/CMSIS_RTOS/cmsis_os.o
 .text.inHandlerMode
                0x0800912c       0x24 ./Middlewares/Third_Party/FreeRTOS/Source/CMSIS_RTOS/cmsis_os.o
 .text.osKernelStart
                0x08009150        0xe ./Middlewares/Third_Party/FreeRTOS/Source/CMSIS_RTOS/cmsis_os.o
                0x08009150                osKernelStart
 .text.osThreadCreate
                0x0800915e       0x98 ./Middlewares/Third_Party/FreeRTOS/Source/CMSIS_RTOS/cmsis_os.o
                0x0800915e                osThreadCreate
 .text.osDelay  0x080091f6       0x28 ./Middlewares/Third_Party/FreeRTOS/Source/CMSIS_RTOS/cmsis_os.o
                0x080091f6                osDelay
 .text.osSemaphoreCreate
                0x0800921e       0x64 ./Middlewares/Third_Party/FreeRTOS/Source/CMSIS_RTOS/cmsis_os.o
                0x0800921e                osSemaphoreCreate
 .text.osMessageCreate
                0x08009282       0x50 ./Middlewares/Third_Party/FreeRTOS/Source/CMSIS_RTOS/cmsis_os.o
                0x08009282                osMessageCreate
 *fill*         0x080092d2        0x2 
 .text.osMessagePut
                0x080092d4       0x80 ./Middlewares/Third_Party/FreeRTOS/Source/CMSIS_RTOS/cmsis_os.o
                0x080092d4                osMessagePut
 .text.osMessageGet
                0x08009354       0xe8 ./Middlewares/Third_Party/FreeRTOS/Source/CMSIS_RTOS/cmsis_os.o
                0x08009354                osMessageGet
 .text.vListInitialise
                0x0800943c       0x40 ./Middlewares/Third_Party/FreeRTOS/Source/list.o
                0x0800943c                vListInitialise
 .text.vListInitialiseItem
                0x0800947c       0x1a ./Middlewares/Third_Party/FreeRTOS/Source/list.o
                0x0800947c                vListInitialiseItem
 .text.vListInsertEnd
                0x08009496       0x48 ./Middlewares/Third_Party/FreeRTOS/Source/list.o
                0x08009496                vListInsertEnd
 .text.vListInsert
                0x080094de       0x72 ./Middlewares/Third_Party/FreeRTOS/Source/list.o
                0x080094de                vListInsert
 .text.uxListRemove
                0x08009550       0x54 ./Middlewares/Third_Party/FreeRTOS/Source/list.o
                0x08009550                uxListRemove
 .text.xQueueGenericReset
                0x080095a4       0xd4 ./Middlewares/Third_Party/FreeRTOS/Source/queue.o
                0x080095a4                xQueueGenericReset
 .text.xQueueGenericCreateStatic
                0x08009678       0xfa ./Middlewares/Third_Party/FreeRTOS/Source/queue.o
                0x08009678                xQueueGenericCreateStatic
 .text.xQueueGenericCreate
                0x08009772       0x76 ./Middlewares/Third_Party/FreeRTOS/Source/queue.o
                0x08009772                xQueueGenericCreate
 .text.prvInitialiseNewQueue
                0x080097e8       0x3e ./Middlewares/Third_Party/FreeRTOS/Source/queue.o
 *fill*         0x08009826        0x2 
 .text.xQueueGenericSend
                0x08009828      0x204 ./Middlewares/Third_Party/FreeRTOS/Source/queue.o
                0x08009828                xQueueGenericSend
 .text.xQueueGenericSendFromISR
                0x08009a2c      0x13c ./Middlewares/Third_Party/FreeRTOS/Source/queue.o
                0x08009a2c                xQueueGenericSendFromISR
 .text.xQueueReceive
                0x08009b68      0x1c4 ./Middlewares/Third_Party/FreeRTOS/Source/queue.o
                0x08009b68                xQueueReceive
 .text.xQueueReceiveFromISR
                0x08009d2c      0x104 ./Middlewares/Third_Party/FreeRTOS/Source/queue.o
                0x08009d2c                xQueueReceiveFromISR
 .text.prvCopyDataToQueue
                0x08009e30       0xd4 ./Middlewares/Third_Party/FreeRTOS/Source/queue.o
 .text.prvCopyDataFromQueue
                0x08009f04       0x4c ./Middlewares/Third_Party/FreeRTOS/Source/queue.o
 .text.prvUnlockQueue
                0x08009f50       0xa4 ./Middlewares/Third_Party/FreeRTOS/Source/queue.o
 .text.prvIsQueueEmpty
                0x08009ff4       0x2c ./Middlewares/Third_Party/FreeRTOS/Source/queue.o
 .text.prvIsQueueFull
                0x0800a020       0x30 ./Middlewares/Third_Party/FreeRTOS/Source/queue.o
 .text.xTaskCreateStatic
                0x0800a050       0xc0 ./Middlewares/Third_Party/FreeRTOS/Source/tasks.o
                0x0800a050                xTaskCreateStatic
 .text.xTaskCreate
                0x0800a110       0x8a ./Middlewares/Third_Party/FreeRTOS/Source/tasks.o
                0x0800a110                xTaskCreate
 *fill*         0x0800a19a        0x2 
 .text.prvInitialiseNewTask
                0x0800a19c      0x140 ./Middlewares/Third_Party/FreeRTOS/Source/tasks.o
 .text.prvAddNewTaskToReadyList
                0x0800a2dc       0xd4 ./Middlewares/Third_Party/FreeRTOS/Source/tasks.o
 .text.vTaskDelay
                0x0800a3b0       0x6c ./Middlewares/Third_Party/FreeRTOS/Source/tasks.o
                0x0800a3b0                vTaskDelay
 .text.vTaskStartScheduler
                0x0800a41c       0xd4 ./Middlewares/Third_Party/FreeRTOS/Source/tasks.o
                0x0800a41c                vTaskStartScheduler
 .text.vTaskSuspendAll
                0x0800a4f0       0x1c ./Middlewares/Third_Party/FreeRTOS/Source/tasks.o
                0x0800a4f0                vTaskSuspendAll
 .text.xTaskResumeAll
                0x0800a50c      0x13c ./Middlewares/Third_Party/FreeRTOS/Source/tasks.o
                0x0800a50c                xTaskResumeAll
 .text.xTaskIncrementTick
                0x0800a648      0x174 ./Middlewares/Third_Party/FreeRTOS/Source/tasks.o
                0x0800a648                xTaskIncrementTick
 .text.vTaskSwitchContext
                0x0800a7bc       0xc8 ./Middlewares/Third_Party/FreeRTOS/Source/tasks.o
                0x0800a7bc                vTaskSwitchContext
 .text.vTaskPlaceOnEventList
                0x0800a884       0x4c ./Middlewares/Third_Party/FreeRTOS/Source/tasks.o
                0x0800a884                vTaskPlaceOnEventList
 .text.xTaskRemoveFromEventList
                0x0800a8d0       0xc8 ./Middlewares/Third_Party/FreeRTOS/Source/tasks.o
                0x0800a8d0                xTaskRemoveFromEventList
 .text.vTaskInternalSetTimeOutState
                0x0800a998       0x2c ./Middlewares/Third_Party/FreeRTOS/Source/tasks.o
                0x0800a998                vTaskInternalSetTimeOutState
 .text.xTaskCheckForTimeOut
                0x0800a9c4       0xc8 ./Middlewares/Third_Party/FreeRTOS/Source/tasks.o
                0x0800a9c4                xTaskCheckForTimeOut
 .text.vTaskMissedYield
                0x0800aa8c       0x18 ./Middlewares/Third_Party/FreeRTOS/Source/tasks.o
                0x0800aa8c                vTaskMissedYield
 .text.prvIdleTask
                0x0800aaa4       0x30 ./Middlewares/Third_Party/FreeRTOS/Source/tasks.o
 .text.prvInitialiseTaskLists
                0x0800aad4       0x80 ./Middlewares/Third_Party/FreeRTOS/Source/tasks.o
 .text.prvCheckTasksWaitingTermination
                0x0800ab54       0x5c ./Middlewares/Third_Party/FreeRTOS/Source/tasks.o
 .text.prvDeleteTCB
                0x0800abb0       0x6a ./Middlewares/Third_Party/FreeRTOS/Source/tasks.o
 *fill*         0x0800ac1a        0x2 
 .text.prvResetNextTaskUnblockTime
                0x0800ac1c       0x40 ./Middlewares/Third_Party/FreeRTOS/Source/tasks.o
 .text.xTaskGetSchedulerState
                0x0800ac5c       0x3c ./Middlewares/Third_Party/FreeRTOS/Source/tasks.o
                0x0800ac5c                xTaskGetSchedulerState
 .text.xTaskPriorityDisinherit
                0x0800ac98      0x110 ./Middlewares/Third_Party/FreeRTOS/Source/tasks.o
                0x0800ac98                xTaskPriorityDisinherit
 .text.prvAddCurrentTaskToDelayedList
                0x0800ada8       0xcc ./Middlewares/Third_Party/FreeRTOS/Source/tasks.o
 .text.pxPortInitialiseStack
                0x0800ae74       0x68 ./Middlewares/Third_Party/FreeRTOS/Source/portable/GCC/ARM_CM4F/port.o
                0x0800ae74                pxPortInitialiseStack
 .text.prvTaskExitError
                0x0800aedc       0x5c ./Middlewares/Third_Party/FreeRTOS/Source/portable/GCC/ARM_CM4F/port.o
 *fill*         0x0800af38        0x8 
 .text.SVC_Handler
                0x0800af40       0x28 ./Middlewares/Third_Party/FreeRTOS/Source/portable/GCC/ARM_CM4F/port.o
                0x0800af40                SVC_Handler
 .text.prvPortStartFirstTask
                0x0800af68       0x28 ./Middlewares/Third_Party/FreeRTOS/Source/portable/GCC/ARM_CM4F/port.o
 .text.xPortStartScheduler
                0x0800af90      0x148 ./Middlewares/Third_Party/FreeRTOS/Source/portable/GCC/ARM_CM4F/port.o
                0x0800af90                xPortStartScheduler
 .text.vPortEnterCritical
                0x0800b0d8       0x64 ./Middlewares/Third_Party/FreeRTOS/Source/portable/GCC/ARM_CM4F/port.o
                0x0800b0d8                vPortEnterCritical
 .text.vPortExitCritical
                0x0800b13c       0x54 ./Middlewares/Third_Party/FreeRTOS/Source/portable/GCC/ARM_CM4F/port.o
                0x0800b13c                vPortExitCritical
 .text.PendSV_Handler
                0x0800b190       0x68 ./Middlewares/Third_Party/FreeRTOS/Source/portable/GCC/ARM_CM4F/port.o
                0x0800b190                PendSV_Handler
 .text.SysTick_Handler
                0x0800b1f8       0x44 ./Middlewares/Third_Party/FreeRTOS/Source/portable/GCC/ARM_CM4F/port.o
                0x0800b1f8                SysTick_Handler
 .text.vPortSetupTimerInterrupt
                0x0800b23c       0x48 ./Middlewares/Third_Party/FreeRTOS/Source/portable/GCC/ARM_CM4F/port.o
                0x0800b23c                vPortSetupTimerInterrupt
 .text.vPortEnableVFP
                0x0800b284       0x14 ./Middlewares/Third_Party/FreeRTOS/Source/portable/GCC/ARM_CM4F/port.o
 .text.vPortValidateInterruptPriority
                0x0800b298       0x84 ./Middlewares/Third_Party/FreeRTOS/Source/portable/GCC/ARM_CM4F/port.o
                0x0800b298                vPortValidateInterruptPriority
 .text.pvPortMalloc
                0x0800b31c      0x19c ./Middlewares/Third_Party/FreeRTOS/Source/portable/MemMang/heap_4.o
                0x0800b31c                pvPortMalloc
 .text.vPortFree
                0x0800b4b8       0xc8 ./Middlewares/Third_Party/FreeRTOS/Source/portable/MemMang/heap_4.o
                0x0800b4b8                vPortFree
 .text.prvHeapInit
                0x0800b580       0xc4 ./Middlewares/Third_Party/FreeRTOS/Source/portable/MemMang/heap_4.o
 .text.prvInsertBlockIntoFreeList
                0x0800b644       0xb4 ./Middlewares/Third_Party/FreeRTOS/Source/portable/MemMang/heap_4.o
 .text.malloc   0x0800b6f8       0x10 C:/ST/STM32CubeIDE_1.5.1/STM32CubeIDE/plugins/com.st.stm32cube.ide.mcu.externaltools.gnu-tools-for-stm32.12.3.rel1.win32_1.0.100.202403111256/tools/bin/../lib/gcc/arm-none-eabi/12.3.1/../../../../arm-none-eabi/lib/thumb/v7e-m+fp/hard\libc_nano.a(libc_a-malloc.o)
                0x0800b6f8                malloc
 .text.free     0x0800b708       0x10 C:/ST/STM32CubeIDE_1.5.1/STM32CubeIDE/plugins/com.st.stm32cube.ide.mcu.externaltools.gnu-tools-for-stm32.12.3.rel1.win32_1.0.100.202403111256/tools/bin/../lib/gcc/arm-none-eabi/12.3.1/../../../../arm-none-eabi/lib/thumb/v7e-m+fp/hard\libc_nano.a(libc_a-malloc.o)
                0x0800b708                free
 .text.sbrk_aligned
                0x0800b718       0x44 C:/ST/STM32CubeIDE_1.5.1/STM32CubeIDE/plugins/com.st.stm32cube.ide.mcu.externaltools.gnu-tools-for-stm32.12.3.rel1.win32_1.0.100.202403111256/tools/bin/../lib/gcc/arm-none-eabi/12.3.1/../../../../arm-none-eabi/lib/thumb/v7e-m+fp/hard\libc_nano.a(libc_a-mallocr.o)
 .text._malloc_r
                0x0800b75c      0x100 C:/ST/STM32CubeIDE_1.5.1/STM32CubeIDE/plugins/com.st.stm32cube.ide.mcu.externaltools.gnu-tools-for-stm32.12.3.rel1.win32_1.0.100.202403111256/tools/bin/../lib/gcc/arm-none-eabi/12.3.1/../../../../arm-none-eabi/lib/thumb/v7e-m+fp/hard\libc_nano.a(libc_a-mallocr.o)
                0x0800b75c                _malloc_r
 .text.__malloc_lock
                0x0800b85c        0xc C:/ST/STM32CubeIDE_1.5.1/STM32CubeIDE/plugins/com.st.stm32cube.ide.mcu.externaltools.gnu-tools-for-stm32.12.3.rel1.win32_1.0.100.202403111256/tools/bin/../lib/gcc/arm-none-eabi/12.3.1/../../../../arm-none-eabi/lib/thumb/v7e-m+fp/hard\libc_nano.a(libc_a-mlock.o)
                0x0800b85c                __malloc_lock
 .text.__malloc_unlock
                0x0800b868        0xc C:/ST/STM32CubeIDE_1.5.1/STM32CubeIDE/plugins/com.st.stm32cube.ide.mcu.externaltools.gnu-tools-for-stm32.12.3.rel1.win32_1.0.100.202403111256/tools/bin/../lib/gcc/arm-none-eabi/12.3.1/../../../../arm-none-eabi/lib/thumb/v7e-m+fp/hard\libc_nano.a(libc_a-mlock.o)
                0x0800b868                __malloc_unlock
 .text.realloc  0x0800b874       0x10 C:/ST/STM32CubeIDE_1.5.1/STM32CubeIDE/plugins/com.st.stm32cube.ide.mcu.externaltools.gnu-tools-for-stm32.12.3.rel1.win32_1.0.100.202403111256/tools/bin/../lib/gcc/arm-none-eabi/12.3.1/../../../../arm-none-eabi/lib/thumb/v7e-m+fp/hard\libc_nano.a(libc_a-realloc.o)
                0x0800b874                realloc
 .text._realloc_r
                0x0800b884       0x5c C:/ST/STM32CubeIDE_1.5.1/STM32CubeIDE/plugins/com.st.stm32cube.ide.mcu.externaltools.gnu-tools-for-stm32.12.3.rel1.win32_1.0.100.202403111256/tools/bin/../lib/gcc/arm-none-eabi/12.3.1/../../../../arm-none-eabi/lib/thumb/v7e-m+fp/hard\libc_nano.a(libc_a-reallocr.o)
                0x0800b884                _realloc_r
 .text.sulp     0x0800b8e0       0x3c C:/ST/STM32CubeIDE_1.5.1/STM32CubeIDE/plugins/com.st.stm32cube.ide.mcu.externaltools.gnu-tools-for-stm32.12.3.rel1.win32_1.0.100.202403111256/tools/bin/../lib/gcc/arm-none-eabi/12.3.1/../../../../arm-none-eabi/lib/thumb/v7e-m+fp/hard\libc_nano.a(libc_a-strtod.o)
 *fill*         0x0800b91c        0x4 
 .text._strtod_l
                0x0800b920      0xbc8 C:/ST/STM32CubeIDE_1.5.1/STM32CubeIDE/plugins/com.st.stm32cube.ide.mcu.externaltools.gnu-tools-for-stm32.12.3.rel1.win32_1.0.100.202403111256/tools/bin/../lib/gcc/arm-none-eabi/12.3.1/../../../../arm-none-eabi/lib/thumb/v7e-m+fp/hard\libc_nano.a(libc_a-strtod.o)
                0x0800b920                _strtod_l
 .text.strtod   0x0800c4e8       0x18 C:/ST/STM32CubeIDE_1.5.1/STM32CubeIDE/plugins/com.st.stm32cube.ide.mcu.externaltools.gnu-tools-for-stm32.12.3.rel1.win32_1.0.100.202403111256/tools/bin/../lib/gcc/arm-none-eabi/12.3.1/../../../../arm-none-eabi/lib/thumb/v7e-m+fp/hard\libc_nano.a(libc_a-strtod.o)
                0x0800c4e8                strtod
 .text.std      0x0800c500       0x6c C:/ST/STM32CubeIDE_1.5.1/STM32CubeIDE/plugins/com.st.stm32cube.ide.mcu.externaltools.gnu-tools-for-stm32.12.3.rel1.win32_1.0.100.202403111256/tools/bin/../lib/gcc/arm-none-eabi/12.3.1/../../../../arm-none-eabi/lib/thumb/v7e-m+fp/hard\libc_nano.a(libc_a-findfp.o)
 .text.stdio_exit_handler
                0x0800c56c       0x18 C:/ST/STM32CubeIDE_1.5.1/STM32CubeIDE/plugins/com.st.stm32cube.ide.mcu.externaltools.gnu-tools-for-stm32.12.3.rel1.win32_1.0.100.202403111256/tools/bin/../lib/gcc/arm-none-eabi/12.3.1/../../../../arm-none-eabi/lib/thumb/v7e-m+fp/hard\libc_nano.a(libc_a-findfp.o)
 .text.cleanup_stdio
                0x0800c584       0x40 C:/ST/STM32CubeIDE_1.5.1/STM32CubeIDE/plugins/com.st.stm32cube.ide.mcu.externaltools.gnu-tools-for-stm32.12.3.rel1.win32_1.0.100.202403111256/tools/bin/../lib/gcc/arm-none-eabi/12.3.1/../../../../arm-none-eabi/lib/thumb/v7e-m+fp/hard\libc_nano.a(libc_a-findfp.o)
 .text.global_stdio_init.part.0
                0x0800c5c4       0x3c C:/ST/STM32CubeIDE_1.5.1/STM32CubeIDE/plugins/com.st.stm32cube.ide.mcu.externaltools.gnu-tools-for-stm32.12.3.rel1.win32_1.0.100.202403111256/tools/bin/../lib/gcc/arm-none-eabi/12.3.1/../../../../arm-none-eabi/lib/thumb/v7e-m+fp/hard\libc_nano.a(libc_a-findfp.o)
 .text.__sfp_lock_acquire
                0x0800c600        0xc C:/ST/STM32CubeIDE_1.5.1/STM32CubeIDE/plugins/com.st.stm32cube.ide.mcu.externaltools.gnu-tools-for-stm32.12.3.rel1.win32_1.0.100.202403111256/tools/bin/../lib/gcc/arm-none-eabi/12.3.1/../../../../arm-none-eabi/lib/thumb/v7e-m+fp/hard\libc_nano.a(libc_a-findfp.o)
                0x0800c600                __sfp_lock_acquire
 .text.__sfp_lock_release
                0x0800c60c        0xc C:/ST/STM32CubeIDE_1.5.1/STM32CubeIDE/plugins/com.st.stm32cube.ide.mcu.externaltools.gnu-tools-for-stm32.12.3.rel1.win32_1.0.100.202403111256/tools/bin/../lib/gcc/arm-none-eabi/12.3.1/../../../../arm-none-eabi/lib/thumb/v7e-m+fp/hard\libc_nano.a(libc_a-findfp.o)
                0x0800c60c                __sfp_lock_release
 .text.__sinit  0x0800c618       0x30 C:/ST/STM32CubeIDE_1.5.1/STM32CubeIDE/plugins/com.st.stm32cube.ide.mcu.externaltools.gnu-tools-for-stm32.12.3.rel1.win32_1.0.100.202403111256/tools/bin/../lib/gcc/arm-none-eabi/12.3.1/../../../../arm-none-eabi/lib/thumb/v7e-m+fp/hard\libc_nano.a(libc_a-findfp.o)
                0x0800c618                __sinit
 .text._fwalk_sglue
                0x0800c648       0x3c C:/ST/STM32CubeIDE_1.5.1/STM32CubeIDE/plugins/com.st.stm32cube.ide.mcu.externaltools.gnu-tools-for-stm32.12.3.rel1.win32_1.0.100.202403111256/tools/bin/../lib/gcc/arm-none-eabi/12.3.1/../../../../arm-none-eabi/lib/thumb/v7e-m+fp/hard\libc_nano.a(libc_a-fwalk.o)
                0x0800c648                _fwalk_sglue
 .text.sprintf  0x0800c684       0x40 C:/ST/STM32CubeIDE_1.5.1/STM32CubeIDE/plugins/com.st.stm32cube.ide.mcu.externaltools.gnu-tools-for-stm32.12.3.rel1.win32_1.0.100.202403111256/tools/bin/../lib/gcc/arm-none-eabi/12.3.1/../../../../arm-none-eabi/lib/thumb/v7e-m+fp/hard\libc_nano.a(libc_a-sprintf.o)
                0x0800c684                siprintf
                0x0800c684                sprintf
 .text.sscanf   0x0800c6c4       0x54 C:/ST/STM32CubeIDE_1.5.1/STM32CubeIDE/plugins/com.st.stm32cube.ide.mcu.externaltools.gnu-tools-for-stm32.12.3.rel1.win32_1.0.100.202403111256/tools/bin/../lib/gcc/arm-none-eabi/12.3.1/../../../../arm-none-eabi/lib/thumb/v7e-m+fp/hard\libc_nano.a(libc_a-sscanf.o)
                0x0800c6c4                siscanf
                0x0800c6c4                sscanf
 .text.__sread  0x0800c718       0x22 C:/ST/STM32CubeIDE_1.5.1/STM32CubeIDE/plugins/com.st.stm32cube.ide.mcu.externaltools.gnu-tools-for-stm32.12.3.rel1.win32_1.0.100.202403111256/tools/bin/../lib/gcc/arm-none-eabi/12.3.1/../../../../arm-none-eabi/lib/thumb/v7e-m+fp/hard\libc_nano.a(libc_a-stdio.o)
                0x0800c718                __sread
 .text.__seofread
                0x0800c73a        0x4 C:/ST/STM32CubeIDE_1.5.1/STM32CubeIDE/plugins/com.st.stm32cube.ide.mcu.externaltools.gnu-tools-for-stm32.12.3.rel1.win32_1.0.100.202403111256/tools/bin/../lib/gcc/arm-none-eabi/12.3.1/../../../../arm-none-eabi/lib/thumb/v7e-m+fp/hard\libc_nano.a(libc_a-stdio.o)
                0x0800c73a                __seofread
 .text.__swrite
                0x0800c73e       0x38 C:/ST/STM32CubeIDE_1.5.1/STM32CubeIDE/plugins/com.st.stm32cube.ide.mcu.externaltools.gnu-tools-for-stm32.12.3.rel1.win32_1.0.100.202403111256/tools/bin/../lib/gcc/arm-none-eabi/12.3.1/../../../../arm-none-eabi/lib/thumb/v7e-m+fp/hard\libc_nano.a(libc_a-stdio.o)
                0x0800c73e                __swrite
 .text.__sseek  0x0800c776       0x24 C:/ST/STM32CubeIDE_1.5.1/STM32CubeIDE/plugins/com.st.stm32cube.ide.mcu.externaltools.gnu-tools-for-stm32.12.3.rel1.win32_1.0.100.202403111256/tools/bin/../lib/gcc/arm-none-eabi/12.3.1/../../../../arm-none-eabi/lib/thumb/v7e-m+fp/hard\libc_nano.a(libc_a-stdio.o)
                0x0800c776                __sseek
 .text.__sclose
                0x0800c79a        0x8 C:/ST/STM32CubeIDE_1.5.1/STM32CubeIDE/plugins/com.st.stm32cube.ide.mcu.externaltools.gnu-tools-for-stm32.12.3.rel1.win32_1.0.100.202403111256/tools/bin/../lib/gcc/arm-none-eabi/12.3.1/../../../../arm-none-eabi/lib/thumb/v7e-m+fp/hard\libc_nano.a(libc_a-stdio.o)
                0x0800c79a                __sclose
 .text._vsnprintf_r
                0x0800c7a2       0x56 C:/ST/STM32CubeIDE_1.5.1/STM32CubeIDE/plugins/com.st.stm32cube.ide.mcu.externaltools.gnu-tools-for-stm32.12.3.rel1.win32_1.0.100.202403111256/tools/bin/../lib/gcc/arm-none-eabi/12.3.1/../../../../arm-none-eabi/lib/thumb/v7e-m+fp/hard\libc_nano.a(libc_a-vsnprintf.o)
                0x0800c7a2                _vsniprintf_r
                0x0800c7a2                _vsnprintf_r
 .text.vsnprintf
                0x0800c7f8       0x1c C:/ST/STM32CubeIDE_1.5.1/STM32CubeIDE/plugins/com.st.stm32cube.ide.mcu.externaltools.gnu-tools-for-stm32.12.3.rel1.win32_1.0.100.202403111256/tools/bin/../lib/gcc/arm-none-eabi/12.3.1/../../../../arm-none-eabi/lib/thumb/v7e-m+fp/hard\libc_nano.a(libc_a-vsnprintf.o)
                0x0800c7f8                vsniprintf
                0x0800c7f8                vsnprintf
 .text.memset   0x0800c814       0x10 C:/ST/STM32CubeIDE_1.5.1/STM32CubeIDE/plugins/com.st.stm32cube.ide.mcu.externaltools.gnu-tools-for-stm32.12.3.rel1.win32_1.0.100.202403111256/tools/bin/../lib/gcc/arm-none-eabi/12.3.1/../../../../arm-none-eabi/lib/thumb/v7e-m+fp/hard\libc_nano.a(libc_a-memset.o)
                0x0800c814                memset
 .text.strncmp  0x0800c824       0x24 C:/ST/STM32CubeIDE_1.5.1/STM32CubeIDE/plugins/com.st.stm32cube.ide.mcu.externaltools.gnu-tools-for-stm32.12.3.rel1.win32_1.0.100.202403111256/tools/bin/../lib/gcc/arm-none-eabi/12.3.1/../../../../arm-none-eabi/lib/thumb/v7e-m+fp/hard\libc_nano.a(libc_a-strncmp.o)
                0x0800c824                strncmp
 .text._close_r
                0x0800c848       0x20 C:/ST/STM32CubeIDE_1.5.1/STM32CubeIDE/plugins/com.st.stm32cube.ide.mcu.externaltools.gnu-tools-for-stm32.12.3.rel1.win32_1.0.100.202403111256/tools/bin/../lib/gcc/arm-none-eabi/12.3.1/../../../../arm-none-eabi/lib/thumb/v7e-m+fp/hard\libc_nano.a(libc_a-closer.o)
                0x0800c848                _close_r
 .text._reclaim_reent
                0x0800c868       0xac C:/ST/STM32CubeIDE_1.5.1/STM32CubeIDE/plugins/com.st.stm32cube.ide.mcu.externaltools.gnu-tools-for-stm32.12.3.rel1.win32_1.0.100.202403111256/tools/bin/../lib/gcc/arm-none-eabi/12.3.1/../../../../arm-none-eabi/lib/thumb/v7e-m+fp/hard\libc_nano.a(libc_a-reent.o)
                0x0800c868                _reclaim_reent
 .text._lseek_r
                0x0800c914       0x24 C:/ST/STM32CubeIDE_1.5.1/STM32CubeIDE/plugins/com.st.stm32cube.ide.mcu.externaltools.gnu-tools-for-stm32.12.3.rel1.win32_1.0.100.202403111256/tools/bin/../lib/gcc/arm-none-eabi/12.3.1/../../../../arm-none-eabi/lib/thumb/v7e-m+fp/hard\libc_nano.a(libc_a-lseekr.o)
                0x0800c914                _lseek_r
 .text._read_r  0x0800c938       0x24 C:/ST/STM32CubeIDE_1.5.1/STM32CubeIDE/plugins/com.st.stm32cube.ide.mcu.externaltools.gnu-tools-for-stm32.12.3.rel1.win32_1.0.100.202403111256/tools/bin/../lib/gcc/arm-none-eabi/12.3.1/../../../../arm-none-eabi/lib/thumb/v7e-m+fp/hard\libc_nano.a(libc_a-readr.o)
                0x0800c938                _read_r
 .text._sbrk_r  0x0800c95c       0x20 C:/ST/STM32CubeIDE_1.5.1/STM32CubeIDE/plugins/com.st.stm32cube.ide.mcu.externaltools.gnu-tools-for-stm32.12.3.rel1.win32_1.0.100.202403111256/tools/bin/../lib/gcc/arm-none-eabi/12.3.1/../../../../arm-none-eabi/lib/thumb/v7e-m+fp/hard\libc_nano.a(libc_a-sbrkr.o)
                0x0800c95c                _sbrk_r
 .text._write_r
                0x0800c97c       0x24 C:/ST/STM32CubeIDE_1.5.1/STM32CubeIDE/plugins/com.st.stm32cube.ide.mcu.externaltools.gnu-tools-for-stm32.12.3.rel1.win32_1.0.100.202403111256/tools/bin/../lib/gcc/arm-none-eabi/12.3.1/../../../../arm-none-eabi/lib/thumb/v7e-m+fp/hard\libc_nano.a(libc_a-writer.o)
                0x0800c97c                _write_r
 .text.__errno  0x0800c9a0        0xc C:/ST/STM32CubeIDE_1.5.1/STM32CubeIDE/plugins/com.st.stm32cube.ide.mcu.externaltools.gnu-tools-for-stm32.12.3.rel1.win32_1.0.100.202403111256/tools/bin/../lib/gcc/arm-none-eabi/12.3.1/../../../../arm-none-eabi/lib/thumb/v7e-m+fp/hard\libc_nano.a(libc_a-errno.o)
                0x0800c9a0                __errno
 .text.__libc_init_array
                0x0800c9ac       0x48 C:/ST/STM32CubeIDE_1.5.1/STM32CubeIDE/plugins/com.st.stm32cube.ide.mcu.externaltools.gnu-tools-for-stm32.12.3.rel1.win32_1.0.100.202403111256/tools/bin/../lib/gcc/arm-none-eabi/12.3.1/../../../../arm-none-eabi/lib/thumb/v7e-m+fp/hard\libc_nano.a(libc_a-init.o)
                0x0800c9ac                __libc_init_array
 .text.__retarget_lock_init_recursive
                0x0800c9f4        0x2 C:/ST/STM32CubeIDE_1.5.1/STM32CubeIDE/plugins/com.st.stm32cube.ide.mcu.externaltools.gnu-tools-for-stm32.12.3.rel1.win32_1.0.100.202403111256/tools/bin/../lib/gcc/arm-none-eabi/12.3.1/../../../../arm-none-eabi/lib/thumb/v7e-m+fp/hard\libc_nano.a(libc_a-lock.o)
                0x0800c9f4                __retarget_lock_init_recursive
 .text.__retarget_lock_acquire_recursive
                0x0800c9f6        0x2 C:/ST/STM32CubeIDE_1.5.1/STM32CubeIDE/plugins/com.st.stm32cube.ide.mcu.externaltools.gnu-tools-for-stm32.12.3.rel1.win32_1.0.100.202403111256/tools/bin/../lib/gcc/arm-none-eabi/12.3.1/../../../../arm-none-eabi/lib/thumb/v7e-m+fp/hard\libc_nano.a(libc_a-lock.o)
                0x0800c9f6                __retarget_lock_acquire_recursive
 .text.__retarget_lock_release_recursive
                0x0800c9f8        0x2 C:/ST/STM32CubeIDE_1.5.1/STM32CubeIDE/plugins/com.st.stm32cube.ide.mcu.externaltools.gnu-tools-for-stm32.12.3.rel1.win32_1.0.100.202403111256/tools/bin/../lib/gcc/arm-none-eabi/12.3.1/../../../../arm-none-eabi/lib/thumb/v7e-m+fp/hard\libc_nano.a(libc_a-lock.o)
                0x0800c9f8                __retarget_lock_release_recursive
 .text.memcpy   0x0800c9fa       0x1c C:/ST/STM32CubeIDE_1.5.1/STM32CubeIDE/plugins/com.st.stm32cube.ide.mcu.externaltools.gnu-tools-for-stm32.12.3.rel1.win32_1.0.100.202403111256/tools/bin/../lib/gcc/arm-none-eabi/12.3.1/../../../../arm-none-eabi/lib/thumb/v7e-m+fp/hard\libc_nano.a(libc_a-memcpy-stub.o)
                0x0800c9fa                memcpy
 *fill*         0x0800ca16        0x2 
 .text.nan      0x0800ca18       0x10 C:/ST/STM32CubeIDE_1.5.1/STM32CubeIDE/plugins/com.st.stm32cube.ide.mcu.externaltools.gnu-tools-for-stm32.12.3.rel1.win32_1.0.100.202403111256/tools/bin/../lib/gcc/arm-none-eabi/12.3.1/../../../../arm-none-eabi/lib/thumb/v7e-m+fp/hard\libc_nano.a(libm_a-s_nan.o)
                0x0800ca18                nan
 .text._free_r  0x0800ca28       0x94 C:/ST/STM32CubeIDE_1.5.1/STM32CubeIDE/plugins/com.st.stm32cube.ide.mcu.externaltools.gnu-tools-for-stm32.12.3.rel1.win32_1.0.100.202403111256/tools/bin/../lib/gcc/arm-none-eabi/12.3.1/../../../../arm-none-eabi/lib/thumb/v7e-m+fp/hard\libc_nano.a(libc_a-freer.o)
                0x0800ca28                _free_r
 .text.rshift   0x0800cabc       0xa4 C:/ST/STM32CubeIDE_1.5.1/STM32CubeIDE/plugins/com.st.stm32cube.ide.mcu.externaltools.gnu-tools-for-stm32.12.3.rel1.win32_1.0.100.202403111256/tools/bin/../lib/gcc/arm-none-eabi/12.3.1/../../../../arm-none-eabi/lib/thumb/v7e-m+fp/hard\libc_nano.a(libc_a-gdtoa-gethex.o)
 .text.__hexdig_fun
                0x0800cb60       0x2a C:/ST/STM32CubeIDE_1.5.1/STM32CubeIDE/plugins/com.st.stm32cube.ide.mcu.externaltools.gnu-tools-for-stm32.12.3.rel1.win32_1.0.100.202403111256/tools/bin/../lib/gcc/arm-none-eabi/12.3.1/../../../../arm-none-eabi/lib/thumb/v7e-m+fp/hard\libc_nano.a(libc_a-gdtoa-gethex.o)
                0x0800cb60                __hexdig_fun
 *fill*         0x0800cb8a        0x2 
 .text.__gethex
                0x0800cb8c      0x420 C:/ST/STM32CubeIDE_1.5.1/STM32CubeIDE/plugins/com.st.stm32cube.ide.mcu.externaltools.gnu-tools-for-stm32.12.3.rel1.win32_1.0.100.202403111256/tools/bin/../lib/gcc/arm-none-eabi/12.3.1/../../../../arm-none-eabi/lib/thumb/v7e-m+fp/hard\libc_nano.a(libc_a-gdtoa-gethex.o)
                0x0800cb8c                __gethex
 .text.L_shift  0x0800cfac       0x24 C:/ST/STM32CubeIDE_1.5.1/STM32CubeIDE/plugins/com.st.stm32cube.ide.mcu.externaltools.gnu-tools-for-stm32.12.3.rel1.win32_1.0.100.202403111256/tools/bin/../lib/gcc/arm-none-eabi/12.3.1/../../../../arm-none-eabi/lib/thumb/v7e-m+fp/hard\libc_nano.a(libc_a-gdtoa-hexnan.o)
 .text.__match  0x0800cfd0       0x28 C:/ST/STM32CubeIDE_1.5.1/STM32CubeIDE/plugins/com.st.stm32cube.ide.mcu.externaltools.gnu-tools-for-stm32.12.3.rel1.win32_1.0.100.202403111256/tools/bin/../lib/gcc/arm-none-eabi/12.3.1/../../../../arm-none-eabi/lib/thumb/v7e-m+fp/hard\libc_nano.a(libc_a-gdtoa-hexnan.o)
                0x0800cfd0                __match
 .text.__hexnan
                0x0800cff8      0x136 C:/ST/STM32CubeIDE_1.5.1/STM32CubeIDE/plugins/com.st.stm32cube.ide.mcu.externaltools.gnu-tools-for-stm32.12.3.rel1.win32_1.0.100.202403111256/tools/bin/../lib/gcc/arm-none-eabi/12.3.1/../../../../arm-none-eabi/lib/thumb/v7e-m+fp/hard\libc_nano.a(libc_a-gdtoa-hexnan.o)
                0x0800cff8                __hexnan
 .text.__ascii_mbtowc
                0x0800d12e       0x24 C:/ST/STM32CubeIDE_1.5.1/STM32CubeIDE/plugins/com.st.stm32cube.ide.mcu.externaltools.gnu-tools-for-stm32.12.3.rel1.win32_1.0.100.202403111256/tools/bin/../lib/gcc/arm-none-eabi/12.3.1/../../../../arm-none-eabi/lib/thumb/v7e-m+fp/hard\libc_nano.a(libc_a-mbtowc_r.o)
                0x0800d12e                __ascii_mbtowc
 *fill*         0x0800d152        0x2 
 .text._Balloc  0x0800d154       0x80 C:/ST/STM32CubeIDE_1.5.1/STM32CubeIDE/plugins/com.st.stm32cube.ide.mcu.externaltools.gnu-tools-for-stm32.12.3.rel1.win32_1.0.100.202403111256/tools/bin/../lib/gcc/arm-none-eabi/12.3.1/../../../../arm-none-eabi/lib/thumb/v7e-m+fp/hard\libc_nano.a(libc_a-mprec.o)
                0x0800d154                _Balloc
 .text._Bfree   0x0800d1d4       0x44 C:/ST/STM32CubeIDE_1.5.1/STM32CubeIDE/plugins/com.st.stm32cube.ide.mcu.externaltools.gnu-tools-for-stm32.12.3.rel1.win32_1.0.100.202403111256/tools/bin/../lib/gcc/arm-none-eabi/12.3.1/../../../../arm-none-eabi/lib/thumb/v7e-m+fp/hard\libc_nano.a(libc_a-mprec.o)
                0x0800d1d4                _Bfree
 .text.__multadd
                0x0800d218       0x8c C:/ST/STM32CubeIDE_1.5.1/STM32CubeIDE/plugins/com.st.stm32cube.ide.mcu.externaltools.gnu-tools-for-stm32.12.3.rel1.win32_1.0.100.202403111256/tools/bin/../lib/gcc/arm-none-eabi/12.3.1/../../../../arm-none-eabi/lib/thumb/v7e-m+fp/hard\libc_nano.a(libc_a-mprec.o)
                0x0800d218                __multadd
 .text.__s2b    0x0800d2a4       0x94 C:/ST/STM32CubeIDE_1.5.1/STM32CubeIDE/plugins/com.st.stm32cube.ide.mcu.externaltools.gnu-tools-for-stm32.12.3.rel1.win32_1.0.100.202403111256/tools/bin/../lib/gcc/arm-none-eabi/12.3.1/../../../../arm-none-eabi/lib/thumb/v7e-m+fp/hard\libc_nano.a(libc_a-mprec.o)
                0x0800d2a4                __s2b
 .text.__hi0bits
                0x0800d338       0x3e C:/ST/STM32CubeIDE_1.5.1/STM32CubeIDE/plugins/com.st.stm32cube.ide.mcu.externaltools.gnu-tools-for-stm32.12.3.rel1.win32_1.0.100.202403111256/tools/bin/../lib/gcc/arm-none-eabi/12.3.1/../../../../arm-none-eabi/lib/thumb/v7e-m+fp/hard\libc_nano.a(libc_a-mprec.o)
                0x0800d338                __hi0bits
 .text.__lo0bits
                0x0800d376       0x5a C:/ST/STM32CubeIDE_1.5.1/STM32CubeIDE/plugins/com.st.stm32cube.ide.mcu.externaltools.gnu-tools-for-stm32.12.3.rel1.win32_1.0.100.202403111256/tools/bin/../lib/gcc/arm-none-eabi/12.3.1/../../../../arm-none-eabi/lib/thumb/v7e-m+fp/hard\libc_nano.a(libc_a-mprec.o)
                0x0800d376                __lo0bits
 .text.__i2b    0x0800d3d0       0x2c C:/ST/STM32CubeIDE_1.5.1/STM32CubeIDE/plugins/com.st.stm32cube.ide.mcu.externaltools.gnu-tools-for-stm32.12.3.rel1.win32_1.0.100.202403111256/tools/bin/../lib/gcc/arm-none-eabi/12.3.1/../../../../arm-none-eabi/lib/thumb/v7e-m+fp/hard\libc_nano.a(libc_a-mprec.o)
                0x0800d3d0                __i2b
 .text.__multiply
                0x0800d3fc      0x154 C:/ST/STM32CubeIDE_1.5.1/STM32CubeIDE/plugins/com.st.stm32cube.ide.mcu.externaltools.gnu-tools-for-stm32.12.3.rel1.win32_1.0.100.202403111256/tools/bin/../lib/gcc/arm-none-eabi/12.3.1/../../../../arm-none-eabi/lib/thumb/v7e-m+fp/hard\libc_nano.a(libc_a-mprec.o)
                0x0800d3fc                __multiply
 .text.__pow5mult
                0x0800d550       0xb4 C:/ST/STM32CubeIDE_1.5.1/STM32CubeIDE/plugins/com.st.stm32cube.ide.mcu.externaltools.gnu-tools-for-stm32.12.3.rel1.win32_1.0.100.202403111256/tools/bin/../lib/gcc/arm-none-eabi/12.3.1/../../../../arm-none-eabi/lib/thumb/v7e-m+fp/hard\libc_nano.a(libc_a-mprec.o)
                0x0800d550                __pow5mult
 .text.__lshift
                0x0800d604       0xd8 C:/ST/STM32CubeIDE_1.5.1/STM32CubeIDE/plugins/com.st.stm32cube.ide.mcu.externaltools.gnu-tools-for-stm32.12.3.rel1.win32_1.0.100.202403111256/tools/bin/../lib/gcc/arm-none-eabi/12.3.1/../../../../arm-none-eabi/lib/thumb/v7e-m+fp/hard\libc_nano.a(libc_a-mprec.o)
                0x0800d604                __lshift
 .text.__mcmp   0x0800d6dc       0x36 C:/ST/STM32CubeIDE_1.5.1/STM32CubeIDE/plugins/com.st.stm32cube.ide.mcu.externaltools.gnu-tools-for-stm32.12.3.rel1.win32_1.0.100.202403111256/tools/bin/../lib/gcc/arm-none-eabi/12.3.1/../../../../arm-none-eabi/lib/thumb/v7e-m+fp/hard\libc_nano.a(libc_a-mprec.o)
                0x0800d6dc                __mcmp
 *fill*         0x0800d712        0x2 
 .text.__mdiff  0x0800d714      0x128 C:/ST/STM32CubeIDE_1.5.1/STM32CubeIDE/plugins/com.st.stm32cube.ide.mcu.externaltools.gnu-tools-for-stm32.12.3.rel1.win32_1.0.100.202403111256/tools/bin/../lib/gcc/arm-none-eabi/12.3.1/../../../../arm-none-eabi/lib/thumb/v7e-m+fp/hard\libc_nano.a(libc_a-mprec.o)
                0x0800d714                __mdiff
 .text.__ulp    0x0800d83c       0x4c C:/ST/STM32CubeIDE_1.5.1/STM32CubeIDE/plugins/com.st.stm32cube.ide.mcu.externaltools.gnu-tools-for-stm32.12.3.rel1.win32_1.0.100.202403111256/tools/bin/../lib/gcc/arm-none-eabi/12.3.1/../../../../arm-none-eabi/lib/thumb/v7e-m+fp/hard\libc_nano.a(libc_a-mprec.o)
                0x0800d83c                __ulp
 .text.__b2d    0x0800d888       0x94 C:/ST/STM32CubeIDE_1.5.1/STM32CubeIDE/plugins/com.st.stm32cube.ide.mcu.externaltools.gnu-tools-for-stm32.12.3.rel1.win32_1.0.100.202403111256/tools/bin/../lib/gcc/arm-none-eabi/12.3.1/../../../../arm-none-eabi/lib/thumb/v7e-m+fp/hard\libc_nano.a(libc_a-mprec.o)
                0x0800d888                __b2d
 .text.__d2b    0x0800d91c       0xb0 C:/ST/STM32CubeIDE_1.5.1/STM32CubeIDE/plugins/com.st.stm32cube.ide.mcu.externaltools.gnu-tools-for-stm32.12.3.rel1.win32_1.0.100.202403111256/tools/bin/../lib/gcc/arm-none-eabi/12.3.1/../../../../arm-none-eabi/lib/thumb/v7e-m+fp/hard\libc_nano.a(libc_a-mprec.o)
                0x0800d91c                __d2b
 .text.__ratio  0x0800d9cc       0x64 C:/ST/STM32CubeIDE_1.5.1/STM32CubeIDE/plugins/com.st.stm32cube.ide.mcu.externaltools.gnu-tools-for-stm32.12.3.rel1.win32_1.0.100.202403111256/tools/bin/../lib/gcc/arm-none-eabi/12.3.1/../../../../arm-none-eabi/lib/thumb/v7e-m+fp/hard\libc_nano.a(libc_a-mprec.o)
                0x0800d9cc                __ratio
 .text.__copybits
                0x0800da30       0x46 C:/ST/STM32CubeIDE_1.5.1/STM32CubeIDE/plugins/com.st.stm32cube.ide.mcu.externaltools.gnu-tools-for-stm32.12.3.rel1.win32_1.0.100.202403111256/tools/bin/../lib/gcc/arm-none-eabi/12.3.1/../../../../arm-none-eabi/lib/thumb/v7e-m+fp/hard\libc_nano.a(libc_a-mprec.o)
                0x0800da30                __copybits
 .text.__any_on
                0x0800da76       0x42 C:/ST/STM32CubeIDE_1.5.1/STM32CubeIDE/plugins/com.st.stm32cube.ide.mcu.externaltools.gnu-tools-for-stm32.12.3.rel1.win32_1.0.100.202403111256/tools/bin/../lib/gcc/arm-none-eabi/12.3.1/../../../../arm-none-eabi/lib/thumb/v7e-m+fp/hard\libc_nano.a(libc_a-mprec.o)
                0x0800da76                __any_on
 .text._malloc_usable_size_r
                0x0800dab8       0x10 C:/ST/STM32CubeIDE_1.5.1/STM32CubeIDE/plugins/com.st.stm32cube.ide.mcu.externaltools.gnu-tools-for-stm32.12.3.rel1.win32_1.0.100.202403111256/tools/bin/../lib/gcc/arm-none-eabi/12.3.1/../../../../arm-none-eabi/lib/thumb/v7e-m+fp/hard\libc_nano.a(libc_a-msizer.o)
                0x0800dab8                _malloc_usable_size_r
 .text.__ascii_wctomb
                0x0800dac8       0x1a C:/ST/STM32CubeIDE_1.5.1/STM32CubeIDE/plugins/com.st.stm32cube.ide.mcu.externaltools.gnu-tools-for-stm32.12.3.rel1.win32_1.0.100.202403111256/tools/bin/../lib/gcc/arm-none-eabi/12.3.1/../../../../arm-none-eabi/lib/thumb/v7e-m+fp/hard\libc_nano.a(libc_a-wctomb_r.o)
                0x0800dac8                __ascii_wctomb
 .text.__ssputs_r
                0x0800dae2       0xb6 C:/ST/STM32CubeIDE_1.5.1/STM32CubeIDE/plugins/com.st.stm32cube.ide.mcu.externaltools.gnu-tools-for-stm32.12.3.rel1.win32_1.0.100.202403111256/tools/bin/../lib/gcc/arm-none-eabi/12.3.1/../../../../arm-none-eabi/lib/thumb/v7e-m+fp/hard\libc_nano.a(libc_a-nano-svfprintf.o)
                0x0800dae2                __ssputs_r
 .text._svfprintf_r
                0x0800db98      0x1f8 C:/ST/STM32CubeIDE_1.5.1/STM32CubeIDE/plugins/com.st.stm32cube.ide.mcu.externaltools.gnu-tools-for-stm32.12.3.rel1.win32_1.0.100.202403111256/tools/bin/../lib/gcc/arm-none-eabi/12.3.1/../../../../arm-none-eabi/lib/thumb/v7e-m+fp/hard\libc_nano.a(libc_a-nano-svfprintf.o)
                0x0800db98                _svfiprintf_r
                0x0800db98                _svfprintf_r
 .text._sungetc_r
                0x0800dd90       0x76 C:/ST/STM32CubeIDE_1.5.1/STM32CubeIDE/plugins/com.st.stm32cube.ide.mcu.externaltools.gnu-tools-for-stm32.12.3.rel1.win32_1.0.100.202403111256/tools/bin/../lib/gcc/arm-none-eabi/12.3.1/../../../../arm-none-eabi/lib/thumb/v7e-m+fp/hard\libc_nano.a(libc_a-nano-svfscanf.o)
                0x0800dd90                _sungetc_r
 .text.__ssrefill_r
                0x0800de06       0x3a C:/ST/STM32CubeIDE_1.5.1/STM32CubeIDE/plugins/com.st.stm32cube.ide.mcu.externaltools.gnu-tools-for-stm32.12.3.rel1.win32_1.0.100.202403111256/tools/bin/../lib/gcc/arm-none-eabi/12.3.1/../../../../arm-none-eabi/lib/thumb/v7e-m+fp/hard\libc_nano.a(libc_a-nano-svfscanf.o)
                0x0800de06                __ssrefill_r
 .text.__ssvfscanf_r
                0x0800de40      0x2e8 C:/ST/STM32CubeIDE_1.5.1/STM32CubeIDE/plugins/com.st.stm32cube.ide.mcu.externaltools.gnu-tools-for-stm32.12.3.rel1.win32_1.0.100.202403111256/tools/bin/../lib/gcc/arm-none-eabi/12.3.1/../../../../arm-none-eabi/lib/thumb/v7e-m+fp/hard\libc_nano.a(libc_a-nano-svfscanf.o)
                0x0800de40                __ssvfiscanf_r
                0x0800de40                __ssvfscanf_r
 .text._printf_common
                0x0800e128       0xda C:/ST/STM32CubeIDE_1.5.1/STM32CubeIDE/plugins/com.st.stm32cube.ide.mcu.externaltools.gnu-tools-for-stm32.12.3.rel1.win32_1.0.100.202403111256/tools/bin/../lib/gcc/arm-none-eabi/12.3.1/../../../../arm-none-eabi/lib/thumb/v7e-m+fp/hard\libc_nano.a(libc_a-nano-vfprintf_i.o)
                0x0800e128                _printf_common
 *fill*         0x0800e202        0x2 
 .text._printf_i
                0x0800e204      0x240 C:/ST/STM32CubeIDE_1.5.1/STM32CubeIDE/plugins/com.st.stm32cube.ide.mcu.externaltools.gnu-tools-for-stm32.12.3.rel1.win32_1.0.100.202403111256/tools/bin/../lib/gcc/arm-none-eabi/12.3.1/../../../../arm-none-eabi/lib/thumb/v7e-m+fp/hard\libc_nano.a(libc_a-nano-vfprintf_i.o)
                0x0800e204                _printf_i
 .text._scanf_chars
                0x0800e444       0xb4 C:/ST/STM32CubeIDE_1.5.1/STM32CubeIDE/plugins/com.st.stm32cube.ide.mcu.externaltools.gnu-tools-for-stm32.12.3.rel1.win32_1.0.100.202403111256/tools/bin/../lib/gcc/arm-none-eabi/12.3.1/../../../../arm-none-eabi/lib/thumb/v7e-m+fp/hard\libc_nano.a(libc_a-nano-vfscanf_i.o)
                0x0800e444                _scanf_chars
 .text._scanf_i
                0x0800e4f8      0x1e8 C:/ST/STM32CubeIDE_1.5.1/STM32CubeIDE/plugins/com.st.stm32cube.ide.mcu.externaltools.gnu-tools-for-stm32.12.3.rel1.win32_1.0.100.202403111256/tools/bin/../lib/gcc/arm-none-eabi/12.3.1/../../../../arm-none-eabi/lib/thumb/v7e-m+fp/hard\libc_nano.a(libc_a-nano-vfscanf_i.o)
                0x0800e4f8                _scanf_i
 .text.__sflush_r
                0x0800e6e0      0x108 C:/ST/STM32CubeIDE_1.5.1/STM32CubeIDE/plugins/com.st.stm32cube.ide.mcu.externaltools.gnu-tools-for-stm32.12.3.rel1.win32_1.0.100.202403111256/tools/bin/../lib/gcc/arm-none-eabi/12.3.1/../../../../arm-none-eabi/lib/thumb/v7e-m+fp/hard\libc_nano.a(libc_a-fflush.o)
                0x0800e6e0                __sflush_r
 .text._fflush_r
                0x0800e7e8       0x50 C:/ST/STM32CubeIDE_1.5.1/STM32CubeIDE/plugins/com.st.stm32cube.ide.mcu.externaltools.gnu-tools-for-stm32.12.3.rel1.win32_1.0.100.202403111256/tools/bin/../lib/gcc/arm-none-eabi/12.3.1/../../../../arm-none-eabi/lib/thumb/v7e-m+fp/hard\libc_nano.a(libc_a-fflush.o)
                0x0800e7e8                _fflush_r
 .text.__sccl   0x0800e838       0x72 C:/ST/STM32CubeIDE_1.5.1/STM32CubeIDE/plugins/com.st.stm32cube.ide.mcu.externaltools.gnu-tools-for-stm32.12.3.rel1.win32_1.0.100.202403111256/tools/bin/../lib/gcc/arm-none-eabi/12.3.1/../../../../arm-none-eabi/lib/thumb/v7e-m+fp/hard\libc_nano.a(libc_a-sccl.o)
                0x0800e838                __sccl
 .text.__submore
                0x0800e8aa       0x74 C:/ST/STM32CubeIDE_1.5.1/STM32CubeIDE/plugins/com.st.stm32cube.ide.mcu.externaltools.gnu-tools-for-stm32.12.3.rel1.win32_1.0.100.202403111256/tools/bin/../lib/gcc/arm-none-eabi/12.3.1/../../../../arm-none-eabi/lib/thumb/v7e-m+fp/hard\libc_nano.a(libc_a-ungetc.o)
                0x0800e8aa                __submore
 .text.memmove  0x0800e91e       0x34 C:/ST/STM32CubeIDE_1.5.1/STM32CubeIDE/plugins/com.st.stm32cube.ide.mcu.externaltools.gnu-tools-for-stm32.12.3.rel1.win32_1.0.100.202403111256/tools/bin/../lib/gcc/arm-none-eabi/12.3.1/../../../../arm-none-eabi/lib/thumb/v7e-m+fp/hard\libc_nano.a(libc_a-memmove.o)
                0x0800e91e                memmove
 *fill*         0x0800e952        0x2 
 .text.__assert_func
                0x0800e954       0x3c C:/ST/STM32CubeIDE_1.5.1/STM32CubeIDE/plugins/com.st.stm32cube.ide.mcu.externaltools.gnu-tools-for-stm32.12.3.rel1.win32_1.0.100.202403111256/tools/bin/../lib/gcc/arm-none-eabi/12.3.1/../../../../arm-none-eabi/lib/thumb/v7e-m+fp/hard\libc_nano.a(libc_a-assert.o)
                0x0800e954                __assert_func
 .text._calloc_r
                0x0800e990       0x28 C:/ST/STM32CubeIDE_1.5.1/STM32CubeIDE/plugins/com.st.stm32cube.ide.mcu.externaltools.gnu-tools-for-stm32.12.3.rel1.win32_1.0.100.202403111256/tools/bin/../lib/gcc/arm-none-eabi/12.3.1/../../../../arm-none-eabi/lib/thumb/v7e-m+fp/hard\libc_nano.a(libc_a-callocr.o)
                0x0800e990                _calloc_r
 .text._strtol_l.constprop.0
                0x0800e9b8       0xf4 C:/ST/STM32CubeIDE_1.5.1/STM32CubeIDE/plugins/com.st.stm32cube.ide.mcu.externaltools.gnu-tools-for-stm32.12.3.rel1.win32_1.0.100.202403111256/tools/bin/../lib/gcc/arm-none-eabi/12.3.1/../../../../arm-none-eabi/lib/thumb/v7e-m+fp/hard\libc_nano.a(libc_a-strtol.o)
 .text._strtol_r
                0x0800eaac        0x4 C:/ST/STM32CubeIDE_1.5.1/STM32CubeIDE/plugins/com.st.stm32cube.ide.mcu.externaltools.gnu-tools-for-stm32.12.3.rel1.win32_1.0.100.202403111256/tools/bin/../lib/gcc/arm-none-eabi/12.3.1/../../../../arm-none-eabi/lib/thumb/v7e-m+fp/hard\libc_nano.a(libc_a-strtol.o)
                0x0800eaac                _strtol_r
 .text._strtoul_l.constprop.0
                0x0800eab0       0xdc C:/ST/STM32CubeIDE_1.5.1/STM32CubeIDE/plugins/com.st.stm32cube.ide.mcu.externaltools.gnu-tools-for-stm32.12.3.rel1.win32_1.0.100.202403111256/tools/bin/../lib/gcc/arm-none-eabi/12.3.1/../../../../arm-none-eabi/lib/thumb/v7e-m+fp/hard\libc_nano.a(libc_a-strtoul.o)
 .text._strtoul_r
                0x0800eb8c        0x4 C:/ST/STM32CubeIDE_1.5.1/STM32CubeIDE/plugins/com.st.stm32cube.ide.mcu.externaltools.gnu-tools-for-stm32.12.3.rel1.win32_1.0.100.202403111256/tools/bin/../lib/gcc/arm-none-eabi/12.3.1/../../../../arm-none-eabi/lib/thumb/v7e-m+fp/hard\libc_nano.a(libc_a-strtoul.o)
                0x0800eb8c                _strtoul_r
 .text.fprintf  0x0800eb90       0x24 C:/ST/STM32CubeIDE_1.5.1/STM32CubeIDE/plugins/com.st.stm32cube.ide.mcu.externaltools.gnu-tools-for-stm32.12.3.rel1.win32_1.0.100.202403111256/tools/bin/../lib/gcc/arm-none-eabi/12.3.1/../../../../arm-none-eabi/lib/thumb/v7e-m+fp/hard\libc_nano.a(libc_a-fprintf.o)
                0x0800eb90                fiprintf
                0x0800eb90                fprintf
 .text.abort    0x0800ebb4        0xe C:/ST/STM32CubeIDE_1.5.1/STM32CubeIDE/plugins/com.st.stm32cube.ide.mcu.externaltools.gnu-tools-for-stm32.12.3.rel1.win32_1.0.100.202403111256/tools/bin/../lib/gcc/arm-none-eabi/12.3.1/../../../../arm-none-eabi/lib/thumb/v7e-m+fp/hard\libc_nano.a(libc_a-abort.o)
                0x0800ebb4                abort
 .text.__sfputc_r
                0x0800ebc2       0x2e C:/ST/STM32CubeIDE_1.5.1/STM32CubeIDE/plugins/com.st.stm32cube.ide.mcu.externaltools.gnu-tools-for-stm32.12.3.rel1.win32_1.0.100.202403111256/tools/bin/../lib/gcc/arm-none-eabi/12.3.1/../../../../arm-none-eabi/lib/thumb/v7e-m+fp/hard\libc_nano.a(libc_a-nano-vfprintf.o)
 .text.__sfputs_r
                0x0800ebf0       0x24 C:/ST/STM32CubeIDE_1.5.1/STM32CubeIDE/plugins/com.st.stm32cube.ide.mcu.externaltools.gnu-tools-for-stm32.12.3.rel1.win32_1.0.100.202403111256/tools/bin/../lib/gcc/arm-none-eabi/12.3.1/../../../../arm-none-eabi/lib/thumb/v7e-m+fp/hard\libc_nano.a(libc_a-nano-vfprintf.o)
                0x0800ebf0                __sfputs_r
 .text._vfprintf_r
                0x0800ec14      0x230 C:/ST/STM32CubeIDE_1.5.1/STM32CubeIDE/plugins/com.st.stm32cube.ide.mcu.externaltools.gnu-tools-for-stm32.12.3.rel1.win32_1.0.100.202403111256/tools/bin/../lib/gcc/arm-none-eabi/12.3.1/../../../../arm-none-eabi/lib/thumb/v7e-m+fp/hard\libc_nano.a(libc_a-nano-vfprintf.o)
                0x0800ec14                _vfprintf_r
                0x0800ec14                _vfiprintf_r
 .text.__swbuf_r
                0x0800ee44       0x7c C:/ST/STM32CubeIDE_1.5.1/STM32CubeIDE/plugins/com.st.stm32cube.ide.mcu.externaltools.gnu-tools-for-stm32.12.3.rel1.win32_1.0.100.202403111256/tools/bin/../lib/gcc/arm-none-eabi/12.3.1/../../../../arm-none-eabi/lib/thumb/v7e-m+fp/hard\libc_nano.a(libc_a-wbuf.o)
                0x0800ee44                __swbuf_r
 .text.__swsetup_r
                0x0800eec0       0xac C:/ST/STM32CubeIDE_1.5.1/STM32CubeIDE/plugins/com.st.stm32cube.ide.mcu.externaltools.gnu-tools-for-stm32.12.3.rel1.win32_1.0.100.202403111256/tools/bin/../lib/gcc/arm-none-eabi/12.3.1/../../../../arm-none-eabi/lib/thumb/v7e-m+fp/hard\libc_nano.a(libc_a-wsetup.o)
                0x0800eec0                __swsetup_r
 .text._raise_r
                0x0800ef6c       0x50 C:/ST/STM32CubeIDE_1.5.1/STM32CubeIDE/plugins/com.st.stm32cube.ide.mcu.externaltools.gnu-tools-for-stm32.12.3.rel1.win32_1.0.100.202403111256/tools/bin/../lib/gcc/arm-none-eabi/12.3.1/../../../../arm-none-eabi/lib/thumb/v7e-m+fp/hard\libc_nano.a(libc_a-signal.o)
                0x0800ef6c                _raise_r
 .text.raise    0x0800efbc       0x10 C:/ST/STM32CubeIDE_1.5.1/STM32CubeIDE/plugins/com.st.stm32cube.ide.mcu.externaltools.gnu-tools-for-stm32.12.3.rel1.win32_1.0.100.202403111256/tools/bin/../lib/gcc/arm-none-eabi/12.3.1/../../../../arm-none-eabi/lib/thumb/v7e-m+fp/hard\libc_nano.a(libc_a-signal.o)
                0x0800efbc                raise
 .text._kill_r  0x0800efcc       0x24 C:/ST/STM32CubeIDE_1.5.1/STM32CubeIDE/plugins/com.st.stm32cube.ide.mcu.externaltools.gnu-tools-for-stm32.12.3.rel1.win32_1.0.100.202403111256/tools/bin/../lib/gcc/arm-none-eabi/12.3.1/../../../../arm-none-eabi/lib/thumb/v7e-m+fp/hard\libc_nano.a(libc_a-signalr.o)
                0x0800efcc                _kill_r
 .text._getpid_r
                0x0800eff0        0x4 C:/ST/STM32CubeIDE_1.5.1/STM32CubeIDE/plugins/com.st.stm32cube.ide.mcu.externaltools.gnu-tools-for-stm32.12.3.rel1.win32_1.0.100.202403111256/tools/bin/../lib/gcc/arm-none-eabi/12.3.1/../../../../arm-none-eabi/lib/thumb/v7e-m+fp/hard\libc_nano.a(libc_a-signalr.o)
                0x0800eff0                _getpid_r
 .text.__swhatbuf_r